<!doctype html public "-//w3c//dtd html 4.0 transitional//en">
<html><head>
<title>Static Call Graph - [.\Objects\nrf52840_qiaa.axf]</title></head>
<body><HR>
<H1>Static Call Graph for image .\Objects\nrf52840_qiaa.axf</H1><HR>
<BR><P>#&#060CALLGRAPH&#062# ARM Linker, 5060960: Last Updated: Fri Apr 08 14:57:12 2022
<BR><P>
<H3>Maximum Stack Usage =       2128 bytes + Unknown(Cycles, Untraceable Function Pointers)</H3><H3>
Call chain for Maximum Stack Depth:</H3>
PedometerActivate &rArr; cwm_pedometer &rArr; GetStepCounter &rArr; FindSteps &rArr; cwm_bubbleSort
<P>
<H3>
Mutually Recursive functions
</H3> <LI><a href="#[12]">NMI_Handler</a>&nbsp;&nbsp;&nbsp;&rArr;&nbsp;&nbsp;&nbsp;<a href="#[12]">NMI_Handler</a><BR>
 <LI><a href="#[13]">HardFault_Handler</a>&nbsp;&nbsp;&nbsp;&rArr;&nbsp;&nbsp;&nbsp;<a href="#[13]">HardFault_Handler</a><BR>
 <LI><a href="#[14]">MemoryManagement_Handler</a>&nbsp;&nbsp;&nbsp;&rArr;&nbsp;&nbsp;&nbsp;<a href="#[14]">MemoryManagement_Handler</a><BR>
 <LI><a href="#[15]">BusFault_Handler</a>&nbsp;&nbsp;&nbsp;&rArr;&nbsp;&nbsp;&nbsp;<a href="#[15]">BusFault_Handler</a><BR>
 <LI><a href="#[16]">UsageFault_Handler</a>&nbsp;&nbsp;&nbsp;&rArr;&nbsp;&nbsp;&nbsp;<a href="#[16]">UsageFault_Handler</a><BR>
 <LI><a href="#[17]">SVC_Handler</a>&nbsp;&nbsp;&nbsp;&rArr;&nbsp;&nbsp;&nbsp;<a href="#[17]">SVC_Handler</a><BR>
 <LI><a href="#[18]">DebugMon_Handler</a>&nbsp;&nbsp;&nbsp;&rArr;&nbsp;&nbsp;&nbsp;<a href="#[18]">DebugMon_Handler</a><BR>
 <LI><a href="#[19]">PendSV_Handler</a>&nbsp;&nbsp;&nbsp;&rArr;&nbsp;&nbsp;&nbsp;<a href="#[19]">PendSV_Handler</a><BR>
 <LI><a href="#[1a]">SysTick_Handler</a>&nbsp;&nbsp;&nbsp;&rArr;&nbsp;&nbsp;&nbsp;<a href="#[1a]">SysTick_Handler</a><BR>
 <LI><a href="#[2a]">CCM_AAR_IRQHandler</a>&nbsp;&nbsp;&nbsp;&rArr;&nbsp;&nbsp;&nbsp;<a href="#[2a]">CCM_AAR_IRQHandler</a><BR>
 <LI><a href="#[2f9]">__embedded_string</a>&nbsp;&nbsp;&nbsp;&rArr;&nbsp;&nbsp;&nbsp;<a href="#[2f9]">__embedded_string</a><BR>
 <LI><a href="#[181]">clst_get_leng</a>&nbsp;&nbsp;&nbsp;&rArr;&nbsp;&nbsp;&nbsp;<a href="#[181]">clst_get_leng</a><BR>
 <LI><a href="#[2f8]">__embedded_string</a>&nbsp;&nbsp;&nbsp;&rArr;&nbsp;&nbsp;&nbsp;<a href="#[2f8]">__embedded_string</a><BR>
 <LI><a href="#[440]">hwsensorListAdd</a>&nbsp;&nbsp;&nbsp;&rArr;&nbsp;&nbsp;&nbsp;<a href="#[440]">hwsensorListAdd</a><BR>
 <LI><a href="#[442]">hwsensorListLength</a>&nbsp;&nbsp;&nbsp;&rArr;&nbsp;&nbsp;&nbsp;<a href="#[442]">hwsensorListLength</a><BR>
 <LI><a href="#[367]">nrf_log_frontend_dequeue</a>&nbsp;&nbsp;&nbsp;&rArr;&nbsp;&nbsp;&nbsp;<a href="#[368]">nrf_log_frontend_std_0</a><BR>
 <LI><a href="#[3ab]">buffer_add</a>&nbsp;&nbsp;&nbsp;&rArr;&nbsp;&nbsp;&nbsp;<a href="#[3ab]">buffer_add</a><BR>
 <LI><a href="#[24b]">cwm_quick_sort</a>&nbsp;&nbsp;&nbsp;&rArr;&nbsp;&nbsp;&nbsp;<a href="#[24b]">cwm_quick_sort</a><BR>
 <LI><a href="#[1be]">_embedded_string</a>&nbsp;&nbsp;&nbsp;&rArr;&nbsp;&nbsp;&nbsp;<a href="#[1be]">_embedded_string</a><BR>
</UL>
<P>
<H3>
Function Pointers
</H3><UL>
 <LI><a href="#[c5]">AbsoluteStaticPower</a> from proj_algo.o(i.AbsoluteStaticPower) referenced from proj_algo.o(.constdata)
 <LI><a href="#[133]">ActivateBiking</a> from cwm_biking_interface.o(i.ActivateBiking) referenced from cwm_biking_interface.o(.constdata)
 <LI><a href="#[13e]">ActivityAlertActivate</a> from cwm_activity_alert_interface.o(i.ActivityAlertActivate) referenced from cwm_activity_alert_interface.o(.constdata)
 <LI><a href="#[139]">ActivityAlertCreateObject</a> from cwm_activity_alert_interface.o(i.ActivityAlertCreateObject) referenced from cwm_activity_alert_interface.o(.constdata)
 <LI><a href="#[13d]">ActivityAlertGetConfig</a> from cwm_activity_alert_interface.o(i.ActivityAlertGetConfig) referenced from cwm_activity_alert_interface.o(.constdata)
 <LI><a href="#[138]">ActivityAlertGetMemSize</a> from cwm_activity_alert_interface.o(i.ActivityAlertGetMemSize) referenced from cwm_activity_alert_interface.o(.constdata)
 <LI><a href="#[13c]">ActivityAlertSetConfig</a> from cwm_activity_alert_interface.o(i.ActivityAlertSetConfig) referenced from cwm_activity_alert_interface.o(.constdata)
 <LI><a href="#[c2]">ActivityOutputPower</a> from proj_algo.o(i.ActivityOutputPower) referenced from proj_algo.o(.constdata)
 <LI><a href="#[69]">AlgoAmhListen</a> from algo_amh.o(.cwm_sec.common_aml.p0) referenced from algo_amh.o(i.algo_amh)
 <LI><a href="#[4d]">AmhListen</a> from proj_algo.o(.cwm_sec.common_aml.p0) referenced from proj_algo.o(i.AMH_Custom)
 <LI><a href="#[12c]">BikingCreateObject</a> from cwm_biking_interface.o(i.BikingCreateObject) referenced from cwm_biking_interface.o(.constdata)
 <LI><a href="#[131]">BikingExit</a> from cwm_biking_interface.o(i.BikingExit) referenced from cwm_biking_interface.o(.constdata)
 <LI><a href="#[12b]">BikingGetMemSize</a> from cwm_biking_interface.o(i.BikingGetMemSize) referenced from cwm_biking_interface.o(.constdata)
 <LI><a href="#[12f]">BikingPause</a> from cwm_biking_interface.o(i.BikingPause) referenced from cwm_biking_interface.o(.constdata)
 <LI><a href="#[130]">BikingResume</a> from cwm_biking_interface.o(i.BikingResume) referenced from cwm_biking_interface.o(.constdata)
 <LI><a href="#[132]">BikingSetConfig</a> from cwm_biking_interface.o(i.BikingSetConfig) referenced from cwm_biking_interface.o(.constdata)
 <LI><a href="#[f3]">BreachCheckSteps</a> from cwm_ar_utility_interface.o(i.BreachCheckSteps) referenced from cwm_ar_utility_interface.o(.constdata)
 <LI><a href="#[f2]">BreachReportEvent</a> from cwm_ar_utility_interface.o(i.BreachReportEvent) referenced from cwm_ar_utility_interface.o(.constdata)
 <LI><a href="#[f1]">BreachResetVariables</a> from cwm_ar_utility_interface.o(i.BreachResetVariables) referenced from cwm_ar_utility_interface.o(.constdata)
 <LI><a href="#[15]">BusFault_Handler</a> from arm_startup_nrf52840.o(.text) referenced from arm_startup_nrf52840.o(RESET)
 <LI><a href="#[2a]">CCM_AAR_IRQHandler</a> from arm_startup_nrf52840.o(.text) referenced from arm_startup_nrf52840.o(RESET)
 <LI><a href="#[2e]">COMP_LPCOMP_IRQHandler</a> from arm_startup_nrf52840.o(.text) referenced from arm_startup_nrf52840.o(RESET)
 <LI><a href="#[43]">CRYPTOCELL_IRQHandler</a> from arm_startup_nrf52840.o(.text) referenced from arm_startup_nrf52840.o(RESET)
 <LI><a href="#[76]">CUSTOM_CMD</a> from drv_custom.o(i.CUSTOM_CMD) referenced from drv_custom.o(i.drv_custom)
 <LI><a href="#[7f]">CWM_AP_SensorListen</a> from main.o(i.CWM_AP_SensorListen) referenced from main.o(i.main)
 <LI><a href="#[99]">CWM_OS_GetTimeNs</a> from board_nordic.o(i.CWM_OS_GetTimeNs) referenced from main.o(.constdata)
 <LI><a href="#[9a]">CWM_OS_dbgOutput</a> from board_nordic.o(i.CWM_OS_dbgOutput) referenced from main.o(.constdata)
 <LI><a href="#[98]">CWM_OS_free</a> from board_nordic.o(i.CWM_OS_free) referenced from main.o(.constdata)
 <LI><a href="#[97]">CWM_OS_malloc</a> from board_nordic.o(i.CWM_OS_malloc) referenced from main.o(.constdata)
 <LI><a href="#[119]">CalculateActivityScores</a> from cwm_seden_activity_interface.o(i.CalculateActivityScores) referenced from cwm_seden_activity_interface.o(.constdata)
 <LI><a href="#[56]">CompareFloat</a> from cwm_algorithm_interface.o(i.CompareFloat) referenced from cwm_activity_recognition.o(i.CollectData)
 <LI><a href="#[56]">CompareFloat</a> from cwm_algorithm_interface.o(i.CompareFloat) referenced from cwm_activity_recognition.o(i.RealTimeFilter)
 <LI><a href="#[58]">CompareUint8</a> from cwm_algorithm_interface.o(i.CompareUint8) referenced from cwm_activity_recognition.o(i.DetermineAverageActivity)
 <LI><a href="#[18]">DebugMon_Handler</a> from arm_startup_nrf52840.o(.text) referenced from arm_startup_nrf52840.o(RESET)
 <LI><a href="#[ea]">DoNothing</a> from cwm_algorithm_interface.o(i.DoNothing) referenced 23 times from cwm_algorithm_interface.o(.constdata)
 <LI><a href="#[29]">ECB_IRQHandler</a> from arm_startup_nrf52840.o(.text) referenced from arm_startup_nrf52840.o(RESET)
 <LI><a href="#[106]">ElevationActivate</a> from cwm_ar_utility_interface.o(i.ElevationActivate) referenced from cwm_ar_utility_interface.o(.constdata)
 <LI><a href="#[105]">ElevationSetConfig</a> from cwm_ar_utility_interface.o(i.ElevationSetConfig) referenced from cwm_ar_utility_interface.o(.constdata)
 <LI><a href="#[3f]">FPU_IRQHandler</a> from arm_startup_nrf52840.o(.text) referenced from arm_startup_nrf52840.o(RESET)
 <LI><a href="#[c4]">FallingPower</a> from proj_algo.o(i.FallingPower) referenced from proj_algo.o(.constdata)
 <LI><a href="#[137]">FitnessCreateObject</a> from cwm_fitness_interface.o(i.FitnessCreateObject) referenced from cwm_fitness_interface.o(.constdata)
 <LI><a href="#[136]">FitnessGetMemSize</a> from cwm_fitness_interface.o(i.FitnessGetMemSize) referenced from cwm_fitness_interface.o(.constdata)
 <LI><a href="#[109]">GNSSFilterActivate</a> from cwm_ar_utility_interface.o(i.GNSSFilterActivate) referenced from cwm_ar_utility_interface.o(.constdata)
 <LI><a href="#[108]">GNSSFilterSetConfig</a> from cwm_ar_utility_interface.o(i.GNSSFilterSetConfig) referenced from cwm_ar_utility_interface.o(.constdata)
 <LI><a href="#[21]">GPIOTE_IRQHandler</a> from nrfx_gpiote.o(i.GPIOTE_IRQHandler) referenced from arm_startup_nrf52840.o(RESET)
 <LI><a href="#[134]">GetOpdrPackageMemSize</a> from cwm_PDR_interface.o(i.GetOpdrPackageMemSize) referenced from cwm_PDR_interface.o(.constdata)
 <LI><a href="#[117]">GetSedenActMemSize</a> from cwm_seden_activity_interface.o(i.GetSedenActMemSize) referenced from cwm_seden_activity_interface.o(.constdata)
 <LI><a href="#[f4]">HandWashReport</a> from cwm_ar_utility_interface.o(i.HandWashReport) referenced from cwm_ar_utility_interface.o(.constdata)
 <LI><a href="#[c1]">HandupdownPower</a> from proj_algo.o(i.HandupdownPower) referenced from proj_algo.o(.constdata)
 <LI><a href="#[13]">HardFault_Handler</a> from arm_startup_nrf52840.o(.text) referenced from arm_startup_nrf52840.o(RESET)
 <LI><a href="#[3e]">I2S_IRQHandler</a> from arm_startup_nrf52840.o(.text) referenced from arm_startup_nrf52840.o(RESET)
 <LI><a href="#[c6]">InactivityOutputPower</a> from proj_algo.o(i.InactivityOutputPower) referenced from proj_algo.o(.constdata)
 <LI><a href="#[bb]">Ioctl</a> from algo_amh.o(i.Ioctl) referenced from algo_amh.o(.constdata)
 <LI><a href="#[39]">MWU_IRQHandler</a> from arm_startup_nrf52840.o(.text) referenced from arm_startup_nrf52840.o(RESET)
 <LI><a href="#[14]">MemoryManagement_Handler</a> from arm_startup_nrf52840.o(.text) referenced from arm_startup_nrf52840.o(RESET)
 <LI><a href="#[103]">MetabolismActivate</a> from cwm_ar_utility_interface.o(i.MetabolismActivate) referenced from cwm_ar_utility_interface.o(.constdata)
 <LI><a href="#[102]">MetabolismGetConfig</a> from cwm_ar_utility_interface.o(i.MetabolismGetConfig) referenced from cwm_ar_utility_interface.o(.constdata)
 <LI><a href="#[ee]">MetabolismOperation</a> from cwm_ar_utility_interface.o(i.MetabolismOperation) referenced from cwm_ar_utility_interface.o(.constdata)
 <LI><a href="#[101]">MetabolismSetConfig</a> from cwm_ar_utility_interface.o(i.MetabolismSetConfig) referenced from cwm_ar_utility_interface.o(.constdata)
 <LI><a href="#[f0]">MetabolsimAnaerobicTask</a> from cwm_ar_utility_interface.o(i.MetabolsimAnaerobicTask) referenced from cwm_ar_utility_interface.o(.constdata)
 <LI><a href="#[ef]">MetabolsimUpdateMetrics</a> from cwm_ar_utility_interface.o(i.MetabolsimUpdateMetrics) referenced from cwm_ar_utility_interface.o(.constdata)
 <LI><a href="#[1]">MgrUpdate_Acc</a> from input_sensor_manager.o(.cwm_sec.common_aml.p0) referenced 2 times from input_sensor_manager.o(.data)
 <LI><a href="#[8]">MgrUpdate_AnyMotion</a> from input_sensor_manager.o(i.MgrUpdate_AnyMotion) referenced 2 times from input_sensor_manager.o(.data)
 <LI><a href="#[4]">MgrUpdate_Baro</a> from input_sensor_manager.o(i.MgrUpdate_Baro) referenced 2 times from input_sensor_manager.o(.data)
 <LI><a href="#[7]">MgrUpdate_Gnss</a> from input_sensor_manager.o(i.MgrUpdate_Gnss) referenced 2 times from input_sensor_manager.o(.data)
 <LI><a href="#[2]">MgrUpdate_Gyro</a> from input_sensor_manager.o(i.MgrUpdate_Gyro) referenced 2 times from input_sensor_manager.o(.data)
 <LI><a href="#[6]">MgrUpdate_Hr</a> from input_sensor_manager.o(i.MgrUpdate_Hr) referenced 2 times from input_sensor_manager.o(.data)
 <LI><a href="#[3]">MgrUpdate_Mag</a> from input_sensor_manager.o(i.MgrUpdate_Mag) referenced 2 times from input_sensor_manager.o(.data)
 <LI><a href="#[9]">MgrUpdate_OffBody</a> from input_sensor_manager.o(i.MgrUpdate_OffBody) referenced 2 times from input_sensor_manager.o(.data)
 <LI><a href="#[a]">MgrUpdate_OnCharging</a> from input_sensor_manager.o(i.MgrUpdate_OnCharging) referenced 2 times from input_sensor_manager.o(.data)
 <LI><a href="#[5]">MgrUpdate_Temp</a> from input_sensor_manager.o(i.MgrUpdate_Temp) referenced 2 times from input_sensor_manager.o(.data)
 <LI><a href="#[20]">NFCT_IRQHandler</a> from arm_startup_nrf52840.o(.text) referenced from arm_startup_nrf52840.o(RESET)
 <LI><a href="#[12]">NMI_Handler</a> from arm_startup_nrf52840.o(.text) referenced from arm_startup_nrf52840.o(RESET)
 <LI><a href="#[c3]">NoMotionPower</a> from proj_algo.o(i.NoMotionPower) referenced from proj_algo.o(.constdata)
 <LI><a href="#[135]">OPDRCreateObject</a> from cwm_PDR_interface.o(i.OPDRCreateObject) referenced from cwm_PDR_interface.o(.constdata)
 <LI><a href="#[38]">PDM_IRQHandler</a> from arm_startup_nrf52840.o(.text) referenced from arm_startup_nrf52840.o(RESET)
 <LI><a href="#[1b]">POWER_CLOCK_IRQHandler</a> from nrfx_clock.o(i.POWER_CLOCK_IRQHandler) referenced from arm_startup_nrf52840.o(RESET)
 <LI><a href="#[37]">PWM0_IRQHandler</a> from arm_startup_nrf52840.o(.text) referenced from arm_startup_nrf52840.o(RESET)
 <LI><a href="#[3a]">PWM1_IRQHandler</a> from arm_startup_nrf52840.o(.text) referenced from arm_startup_nrf52840.o(RESET)
 <LI><a href="#[3b]">PWM2_IRQHandler</a> from arm_startup_nrf52840.o(.text) referenced from arm_startup_nrf52840.o(RESET)
 <LI><a href="#[44]">PWM3_IRQHandler</a> from arm_startup_nrf52840.o(.text) referenced from arm_startup_nrf52840.o(RESET)
 <LI><a href="#[140]">PauseResumeCreateObject</a> from cwm_pause_resume_interface.o(i.PauseResumeCreateObject) referenced from cwm_pause_resume_interface.o(.constdata)
 <LI><a href="#[13f]">PauseResumeGetMemSize</a> from cwm_pause_resume_interface.o(i.PauseResumeGetMemSize) referenced from cwm_pause_resume_interface.o(.constdata)
 <LI><a href="#[110]">PedometerAccumulateMAI</a> from cwm_pedometer_interface.o(i.PedometerAccumulateMAI) referenced from cwm_pedometer_interface.o(.constdata)
 <LI><a href="#[116]">PedometerActivate</a> from cwm_pedometer_interface.o(i.PedometerActivate) referenced from cwm_pedometer_interface.o(.constdata)
 <LI><a href="#[10b]">PedometerCreateObject</a> from cwm_pedometer_interface.o(i.PedometerCreateObject) referenced from cwm_pedometer_interface.o(.constdata)
 <LI><a href="#[113]">PedometerExit</a> from cwm_pedometer_interface.o(i.PedometerExit) referenced from cwm_pedometer_interface.o(.constdata)
 <LI><a href="#[115]">PedometerGetConfig</a> from cwm_pedometer_interface.o(i.PedometerGetConfig) referenced from cwm_pedometer_interface.o(.constdata)
 <LI><a href="#[10a]">PedometerGetMemSize</a> from cwm_pedometer_interface.o(i.PedometerGetMemSize) referenced from cwm_pedometer_interface.o(.constdata)
 <LI><a href="#[10f]">PedometerReportSteps</a> from cwm_pedometer_interface.o(i.PedometerReportSteps) referenced from cwm_pedometer_interface.o(.constdata)
 <LI><a href="#[10d]">PedometerSetCaloriesInfo</a> from cwm_pedometer_interface.o(i.PedometerSetCaloriesInfo) referenced from cwm_pedometer_interface.o(.constdata)
 <LI><a href="#[114]">PedometerSetConfig</a> from cwm_pedometer_interface.o(i.PedometerSetConfig) referenced from cwm_pedometer_interface.o(.constdata)
 <LI><a href="#[10c]">PedometerSetGNSSInfo</a> from cwm_pedometer_interface.o(i.PedometerSetGNSSInfo) referenced from cwm_pedometer_interface.o(.constdata)
 <LI><a href="#[5a]">PedometerSetTmConfig</a> from cwm_pedometer_interface.o(i.PedometerSetTmConfig) referenced from cwm_pedometer_interface.o(i.PedometerCreateObject)
 <LI><a href="#[10e]">PedometerUpdateInfo</a> from cwm_pedometer_interface.o(i.PedometerUpdateInfo) referenced from cwm_pedometer_interface.o(.constdata)
 <LI><a href="#[19]">PendSV_Handler</a> from arm_startup_nrf52840.o(.text) referenced from arm_startup_nrf52840.o(RESET)
 <LI><a href="#[2d]">QDEC_IRQHandler</a> from arm_startup_nrf52840.o(.text) referenced from arm_startup_nrf52840.o(RESET)
 <LI><a href="#[42]">QSPI_IRQHandler</a> from arm_startup_nrf52840.o(.text) referenced from arm_startup_nrf52840.o(RESET)
 <LI><a href="#[1c]">RADIO_IRQHandler</a> from arm_startup_nrf52840.o(.text) referenced from arm_startup_nrf52840.o(RESET)
 <LI><a href="#[28]">RNG_IRQHandler</a> from arm_startup_nrf52840.o(.text) referenced from arm_startup_nrf52840.o(RESET)
 <LI><a href="#[26]">RTC0_IRQHandler</a> from nrfx_rtc.o(i.RTC0_IRQHandler) referenced from arm_startup_nrf52840.o(RESET)
 <LI><a href="#[2c]">RTC1_IRQHandler</a> from app_timer.o(i.RTC1_IRQHandler) referenced from arm_startup_nrf52840.o(RESET)
 <LI><a href="#[3d]">RTC2_IRQHandler</a> from arm_startup_nrf52840.o(.text) referenced from arm_startup_nrf52840.o(RESET)
 <LI><a href="#[11]">Reset_Handler</a> from arm_startup_nrf52840.o(.text) referenced from arm_startup_nrf52840.o(RESET)
 <LI><a href="#[eb]">ReturnNothing</a> from cwm_algorithm_interface.o(i.ReturnNothing) referenced 6 times from cwm_algorithm_interface.o(.constdata)
 <LI><a href="#[22]">SAADC_IRQHandler</a> from arm_startup_nrf52840.o(.text) referenced from arm_startup_nrf52840.o(RESET)
 <LI><a href="#[1e]">SPIM0_SPIS0_TWIM0_TWIS0_SPI0_TWI0_IRQHandler</a> from nrfx_spim.o(i.SPIM0_SPIS0_TWIM0_TWIS0_SPI0_TWI0_IRQHandler) referenced from arm_startup_nrf52840.o(RESET)
 <LI><a href="#[1f]">SPIM1_SPIS1_TWIM1_TWIS1_SPI1_TWI1_IRQHandler</a> from nrfx_twim.o(i.SPIM1_SPIS1_TWIM1_TWIS1_SPI1_TWI1_IRQHandler) referenced from nrfx_twim.o(.constdata)
 <LI><a href="#[1f]">SPIM1_SPIS1_TWIM1_TWIS1_SPI1_TWI1_IRQHandler</a> from nrfx_twim.o(i.SPIM1_SPIS1_TWIM1_TWIS1_SPI1_TWI1_IRQHandler) referenced from arm_startup_nrf52840.o(RESET)
 <LI><a href="#[3c]">SPIM2_SPIS2_SPI2_IRQHandler</a> from arm_startup_nrf52840.o(.text) referenced from arm_startup_nrf52840.o(RESET)
 <LI><a href="#[45]">SPIM3_IRQHandler</a> from arm_startup_nrf52840.o(.text) referenced from arm_startup_nrf52840.o(RESET)
 <LI><a href="#[17]">SVC_Handler</a> from arm_startup_nrf52840.o(.text) referenced from arm_startup_nrf52840.o(RESET)
 <LI><a href="#[2f]">SWI0_EGU0_IRQHandler</a> from app_timer.o(i.SWI0_EGU0_IRQHandler) referenced from arm_startup_nrf52840.o(RESET)
 <LI><a href="#[30]">SWI1_EGU1_IRQHandler</a> from arm_startup_nrf52840.o(.text) referenced from arm_startup_nrf52840.o(RESET)
 <LI><a href="#[31]">SWI2_EGU2_IRQHandler</a> from arm_startup_nrf52840.o(.text) referenced from arm_startup_nrf52840.o(RESET)
 <LI><a href="#[32]">SWI3_EGU3_IRQHandler</a> from arm_startup_nrf52840.o(.text) referenced from arm_startup_nrf52840.o(RESET)
 <LI><a href="#[33]">SWI4_EGU4_IRQHandler</a> from arm_startup_nrf52840.o(.text) referenced from arm_startup_nrf52840.o(RESET)
 <LI><a href="#[34]">SWI5_EGU5_IRQHandler</a> from arm_startup_nrf52840.o(.text) referenced from arm_startup_nrf52840.o(RESET)
 <LI><a href="#[128]">SedenActActivate</a> from cwm_seden_activity_interface.o(i.SedenActActivate) referenced from cwm_seden_activity_interface.o(.constdata)
 <LI><a href="#[118]">SedenActCreateObject</a> from cwm_seden_activity_interface.o(i.SedenActCreateObject) referenced from cwm_seden_activity_interface.o(.constdata)
 <LI><a href="#[127]">SedenActGetConfig</a> from cwm_seden_activity_interface.o(i.SedenActGetConfig) referenced from cwm_seden_activity_interface.o(.constdata)
 <LI><a href="#[11a]">SedenActOperation</a> from cwm_seden_activity_interface.o(i.SedenActOperation) referenced from cwm_seden_activity_interface.o(.constdata)
 <LI><a href="#[126]">SedenActSetConfig</a> from cwm_seden_activity_interface.o(i.SedenActSetConfig) referenced from cwm_seden_activity_interface.o(.constdata)
 <LI><a href="#[c0]">SedentaryPower</a> from proj_algo.o(i.SedentaryPower) referenced from proj_algo.o(.constdata)
 <LI><a href="#[bc]">ShakePower</a> from proj_algo.o(i.ShakePower) referenced from proj_algo.o(.constdata)
 <LI><a href="#[bf]">SleepPower</a> from proj_algo.o(i.SleepPower) referenced from proj_algo.o(.constdata)
 <LI><a href="#[142]">SportsSwingCreate</a> from cwm_sports_swing_interface.o(i.SportsSwingCreate) referenced from cwm_sports_swing_interface.o(.constdata)
 <LI><a href="#[141]">SportsSwingGetMemSize</a> from cwm_sports_swing_interface.o(i.SportsSwingGetMemSize) referenced from cwm_sports_swing_interface.o(.constdata)
 <LI><a href="#[c7]">StandPower</a> from proj_algo.o(i.StandPower) referenced from proj_algo.o(.constdata)
 <LI><a href="#[12a]">SwimCreateObject</a> from cwm_swim_interface.o(i.SwimCreateObject) referenced from cwm_swim_interface.o(.constdata)
 <LI><a href="#[129]">SwimGetMemSize</a> from cwm_swim_interface.o(i.SwimGetMemSize) referenced from cwm_swim_interface.o(.constdata)
 <LI><a href="#[1a]">SysTick_Handler</a> from arm_startup_nrf52840.o(.text) referenced from arm_startup_nrf52840.o(RESET)
 <LI><a href="#[4c]">SystemEVT</a> from proj_algo.o(i.SystemEVT) referenced from proj_algo.o(i.AMH_Custom)
 <LI><a href="#[5f]">SystemEVT</a> from algo_amh.o(i.SystemEVT) referenced from algo_amh.o(i.algo_amh)
 <LI><a href="#[4a]">SystemInit</a> from system_nrf52840.o(i.SystemInit) referenced from arm_startup_nrf52840.o(.text)
 <LI><a href="#[27]">TEMP_IRQHandler</a> from arm_startup_nrf52840.o(.text) referenced from arm_startup_nrf52840.o(RESET)
 <LI><a href="#[23]">TIMER0_IRQHandler</a> from nrfx_timer.o(i.TIMER0_IRQHandler) referenced from arm_startup_nrf52840.o(RESET)
 <LI><a href="#[24]">TIMER1_IRQHandler</a> from arm_startup_nrf52840.o(.text) referenced from arm_startup_nrf52840.o(RESET)
 <LI><a href="#[25]">TIMER2_IRQHandler</a> from arm_startup_nrf52840.o(.text) referenced from arm_startup_nrf52840.o(RESET)
 <LI><a href="#[35]">TIMER3_IRQHandler</a> from arm_startup_nrf52840.o(.text) referenced from arm_startup_nrf52840.o(RESET)
 <LI><a href="#[36]">TIMER4_IRQHandler</a> from arm_startup_nrf52840.o(.text) referenced from arm_startup_nrf52840.o(RESET)
 <LI><a href="#[1d]">UARTE0_UART0_IRQHandler</a> from nrfx_prs.o(i.UARTE0_UART0_IRQHandler) referenced from arm_startup_nrf52840.o(RESET)
 <LI><a href="#[41]">UARTE1_IRQHandler</a> from arm_startup_nrf52840.o(.text) referenced from arm_startup_nrf52840.o(RESET)
 <LI><a href="#[40]">USBD_IRQHandler</a> from arm_startup_nrf52840.o(.text) referenced from arm_startup_nrf52840.o(RESET)
 <LI><a href="#[f]">UnknownEvent</a> from cwm_activity_recognition.o(i.UnknownEvent) referenced 2 times from cwm_activity_recognition.o(.data)
 <LI><a href="#[16]">UsageFault_Handler</a> from arm_startup_nrf52840.o(.text) referenced from arm_startup_nrf52840.o(RESET)
 <LI><a href="#[ed]">UtilityCreateObject</a> from cwm_ar_utility_interface.o(i.UtilityCreateObject) referenced from cwm_ar_utility_interface.o(.constdata)
 <LI><a href="#[ec]">UtilityGetMemSize</a> from cwm_ar_utility_interface.o(i.UtilityGetMemSize) referenced from cwm_ar_utility_interface.o(.constdata)
 <LI><a href="#[d]">VehicleEvent</a> from cwm_activity_recognition.o(i.VehicleEvent) referenced 2 times from cwm_activity_recognition.o(.data)
 <LI><a href="#[2b]">WDT_IRQHandler</a> from arm_startup_nrf52840.o(.text) referenced from arm_startup_nrf52840.o(RESET)
 <LI><a href="#[c]">WalkRunEvent</a> from cwm_activity_recognition.o(i.WalkRunEvent) referenced 2 times from cwm_activity_recognition.o(.data)
 <LI><a href="#[e]">WorkoutEvent</a> from cwm_activity_recognition.o(i.WorkoutEvent) referenced 2 times from cwm_activity_recognition.o(.data)
 <LI><a href="#[4b]">__main</a> from entry.o(.ARM.Collect$$$$00000000) referenced from arm_startup_nrf52840.o(.text)
 <LI><a href="#[78]">_hw_client_search_list</a> from hw_components.o(i._hw_client_search_list) referenced from hw_components.o(i.hw_client_components_active)
 <LI><a href="#[78]">_hw_client_search_list</a> from hw_components.o(i._hw_client_search_list) referenced from hw_components.o(i.hw_client_components_hwApi)
 <LI><a href="#[78]">_hw_client_search_list</a> from hw_components.o(i._hw_client_search_list) referenced from hw_components.o(i.hw_client_components_request)
 <LI><a href="#[79]">_hw_clients_components_resume</a> from hw_components.o(i._hw_clients_components_resume) referenced from hw_components.o(i.hw_clients_components_resume)
 <LI><a href="#[7a]">_hw_clients_components_suspended</a> from hw_components.o(i._hw_clients_components_suspended) referenced from hw_components.o(i.hw_clients_components_suspended)
 <LI><a href="#[5d]">_snputc</a> from printfa.o(i._snputc) referenced from printfa.o(i.__0snprintf)
 <LI><a href="#[5d]">_snputc</a> from printfa.o(i._snputc) referenced from printfa.o(i.__0vsnprintf)
 <LI><a href="#[5e]">_sputc</a> from printfa.o(i._sputc) referenced from printfa.o(i.__0sprintf)
 <LI><a href="#[ca]">accIoctl</a> from drv_custom.o(i.accIoctl) referenced from drv_custom.o(.constdata)
 <LI><a href="#[c9]">accSetRate</a> from drv_custom.o(i.accSetRate) referenced from drv_custom.o(.constdata)
 <LI><a href="#[c8]">accStepPower</a> from drv_custom.o(i.accStepPower) referenced from drv_custom.o(.constdata)
 <LI><a href="#[60]">acc_sensor_config</a> from algo_amh.o(i.acc_sensor_config) referenced from algo_amh.o(i.algo_amh)
 <LI><a href="#[70]">agLogout</a> from amh_main.o(i.agLogout) referenced from amh_main.o(i.amh_main_set_cfg_directly)
 <LI><a href="#[e9]">algo_amh</a> from algo_amh.o(i.algo_amh) referenced from config_algo.o(.constdata)
 <LI><a href="#[6b]">algo_process_setoperated</a> from amh_main.o(i.algo_process_setoperated) referenced from amh_main.o(i.amh_main_new)
 <LI><a href="#[6c]">alog_process_getoperated</a> from amh_main.o(i.alog_process_getoperated) referenced from amh_main.o(i.amh_main_new)
 <LI><a href="#[6f]">amh_algo_init_cbk</a> from amh_main.o(i.amh_algo_init_cbk) referenced from amh_main.o(i.amh_main_new)
 <LI><a href="#[6d]">amh_main_proc</a> from amh_main.o(.cwm_sec.common_aml.p0) referenced from amh_main.o(i.amh_main_new)
 <LI><a href="#[49]">amhapp_OutputCallback</a> from proj_algo.o(i.amhapp_OutputCallback) referenced from proj_algo.o(.cwm_sec.common_aml.p0)
 <LI><a href="#[e8]">anyMotionIoctl</a> from drv_custom.o(i.anyMotionIoctl) referenced from drv_custom.o(.constdata)
 <LI><a href="#[e6]">anyMotionPower</a> from drv_custom.o(i.anyMotionPower) referenced from drv_custom.o(.constdata)
 <LI><a href="#[e7]">anyMotionSetRate</a> from drv_custom.o(i.anyMotionSetRate) referenced from drv_custom.o(.constdata)
 <LI><a href="#[a2]">ap3__check_mcu</a> from chip_manager.o(i.ap3__check_mcu) referenced from chip_manager.o(.constdata)
 <LI><a href="#[b6]">ap3__deinit_info0</a> from chip_manager.o(i.ap3__deinit_info0) referenced 2 times from chip_manager.o(.constdata)
 <LI><a href="#[a3]">ap3__get_uid</a> from chip_manager.o(i.ap3__get_uid) referenced 3 times from chip_manager.o(.constdata)
 <LI><a href="#[b5]">ap3__init_info0</a> from chip_manager.o(i.ap3__init_info0) referenced 2 times from chip_manager.o(.constdata)
 <LI><a href="#[b0]">ap4__check_mcu</a> from chip_manager.o(i.ap4__check_mcu) referenced from chip_manager.o(.constdata)
 <LI><a href="#[b8]">ap4__deinit_info0</a> from chip_manager.o(i.ap4__deinit_info0) referenced from chip_manager.o(.constdata)
 <LI><a href="#[b7]">ap4__init_info0</a> from chip_manager.o(i.ap4__init_info0) referenced from chip_manager.o(.constdata)
 <LI><a href="#[a4]">apa__check_mcu</a> from chip_manager.o(i.apa__check_mcu) referenced from chip_manager.o(.constdata)
 <LI><a href="#[b3]">as1__check_mcu</a> from chip_manager.o(i.as1__check_mcu) referenced from chip_manager.o(.constdata)
 <LI><a href="#[b4]">as1__get_uid</a> from chip_manager.o(i.as1__get_uid) referenced from chip_manager.o(.constdata)
 <LI><a href="#[d3]">baroIoctl</a> from drv_custom.o(i.baroIoctl) referenced from drv_custom.o(.constdata)
 <LI><a href="#[d2]">baroSetRate</a> from drv_custom.o(i.baroSetRate) referenced from drv_custom.o(.constdata)
 <LI><a href="#[d1]">baroStepPower</a> from drv_custom.o(i.baroStepPower) referenced from drv_custom.o(.constdata)
 <LI><a href="#[65]">baro_sensor_config</a> from algo_amh.o(i.baro_sensor_config) referenced from algo_amh.o(i.algo_amh)
 <LI><a href="#[47]">callBack</a> from scheduler.o(i.callBack) referenced from scheduler.o(.cwm_sec.common_aml.p0)
 <LI><a href="#[80]">clock_irq_handler</a> from nrf_drv_clock.o(i.clock_irq_handler) referenced from nrf_drv_clock.o(i.nrf_drv_clock_init)
 <LI><a href="#[94]">compare_evtmgr_item</a> from scheduler.o(i.compare_evtmgr_item) referenced from scheduler.o(i.subscribeEvent)
 <LI><a href="#[57]">customSensorListen</a> from proj_sensor.o(.cwm_sec.common_aml.p0) referenced from proj_sensor.o(i.Custom_MGR_Init)
 <LI><a href="#[13b]">cwm_activity_alert_enable</a> from cwm_activity_alert.o(i.cwm_activity_alert_enable) referenced from cwm_activity_alert_interface.o(.constdata)
 <LI><a href="#[13a]">cwm_activity_alert_init</a> from cwm_activity_alert.o(i.cwm_activity_alert_init) referenced from cwm_activity_alert_interface.o(.constdata)
 <LI><a href="#[12d]">cwm_biking_init</a> from cwm_biking.o(i.cwm_biking_init) referenced from cwm_biking_interface.o(.constdata)
 <LI><a href="#[104]">cwm_elevation_estimation_init</a> from cwm_elevation_estimation.o(i.cwm_elevation_estimation_init) referenced from cwm_ar_utility_interface.o(.constdata)
 <LI><a href="#[107]">cwm_gps_filter_init</a> from cwm_gps_filter.o(i.cwm_gps_filter_init) referenced from cwm_ar_utility_interface.o(.constdata)
 <LI><a href="#[100]">cwm_metabolism_enable</a> from cwm_metabolism.o(i.cwm_metabolism_enable) referenced from cwm_ar_utility_interface.o(.constdata)
 <LI><a href="#[f9]">cwm_metabolism_get_daily_data</a> from cwm_metabolism.o(i.cwm_metabolism_get_daily_data) referenced from cwm_ar_utility_interface.o(.constdata)
 <LI><a href="#[fc]">cwm_metabolism_get_saved_metrics_info</a> from cwm_metabolism.o(i.cwm_metabolism_get_saved_metrics_info) referenced from cwm_ar_utility_interface.o(.constdata)
 <LI><a href="#[ff]">cwm_metabolism_init</a> from cwm_metabolism.o(i.cwm_metabolism_init) referenced from cwm_ar_utility_interface.o(.constdata)
 <LI><a href="#[fa]">cwm_metabolism_reset_metrics</a> from cwm_metabolism.o(i.cwm_metabolism_reset_metrics) referenced from cwm_ar_utility_interface.o(.constdata)
 <LI><a href="#[fd]">cwm_metabolism_rolling_weekly_data</a> from cwm_metabolism.o(i.cwm_metabolism_rolling_weekly_data) referenced from cwm_ar_utility_interface.o(.constdata)
 <LI><a href="#[fe]">cwm_metabolism_set_activity_class</a> from cwm_metabolism.o(i.cwm_metabolism_set_activity_class) referenced from cwm_ar_utility_interface.o(.constdata)
 <LI><a href="#[5b]">cwm_metabolism_set_activity_counts</a> from cwm_metabolism.o(i.cwm_metabolism_set_activity_counts) referenced from cwm_ar_utility_interface.o(i.UtilityCreateObject)
 <LI><a href="#[f5]">cwm_metabolism_set_max_hr</a> from cwm_metabolism.o(i.cwm_metabolism_set_max_hr) referenced from cwm_ar_utility_interface.o(.constdata)
 <LI><a href="#[f6]">cwm_metabolism_set_min_hr</a> from cwm_metabolism.o(i.cwm_metabolism_set_min_hr) referenced from cwm_ar_utility_interface.o(.constdata)
 <LI><a href="#[f7]">cwm_metabolism_set_resting_hr</a> from cwm_metabolism.o(i.cwm_metabolism_set_resting_hr) referenced from cwm_ar_utility_interface.o(.constdata)
 <LI><a href="#[fb]">cwm_metabolism_set_saved_metrics_info</a> from cwm_metabolism.o(i.cwm_metabolism_set_saved_metrics_info) referenced from cwm_ar_utility_interface.o(.constdata)
 <LI><a href="#[f8]">cwm_metabolism_set_touch</a> from cwm_metabolism.o(i.cwm_metabolism_set_touch) referenced from cwm_ar_utility_interface.o(.constdata)
 <LI><a href="#[75]">cwm_resample_EMA_get</a> from cwm_resample.o(i.cwm_resample_EMA_get) referenced from cwm_resample.o(i.config_cwm_resample)
 <LI><a href="#[74]">cwm_resample_EMA_update</a> from cwm_resample.o(i.cwm_resample_EMA_update) referenced from cwm_resample.o(i.config_cwm_resample)
 <LI><a href="#[73]">cwm_resample_SMA_get</a> from cwm_resample.o(i.cwm_resample_SMA_get) referenced from cwm_resample.o(i.config_cwm_resample)
 <LI><a href="#[72]">cwm_resample_SMA_update</a> from cwm_resample.o(i.cwm_resample_SMA_update) referenced from cwm_resample.o(i.config_cwm_resample)
 <LI><a href="#[11d]">cwm_sedentary_activity_get_sleep_accumulated_time</a> from cwm_sedentary_activity.o(i.cwm_sedentary_activity_get_sleep_accumulated_time) referenced from cwm_seden_activity_interface.o(.constdata)
 <LI><a href="#[120]">cwm_sedentary_activity_get_sleep_quality</a> from cwm_sedentary_activity.o(i.cwm_sedentary_activity_get_sleep_quality) referenced from cwm_seden_activity_interface.o(.constdata)
 <LI><a href="#[11c]">cwm_sedentary_activity_get_sleep_report_data</a> from cwm_sedentary_activity.o(i.cwm_sedentary_activity_get_sleep_report_data) referenced from cwm_seden_activity_interface.o(.constdata)
 <LI><a href="#[11b]">cwm_sedentary_activity_release_reminder</a> from cwm_sedentary_activity.o(i.cwm_sedentary_activity_release_reminder) referenced from cwm_seden_activity_interface.o(.constdata)
 <LI><a href="#[122]">cwm_sedentary_activity_reset_nap</a> from cwm_sedentary_activity.o(i.cwm_sedentary_activity_reset_nap) referenced from cwm_seden_activity_interface.o(.constdata)
 <LI><a href="#[121]">cwm_sedentary_activity_reset_sedentary</a> from cwm_sedentary_activity.o(i.cwm_sedentary_activity_reset_sedentary) referenced from cwm_seden_activity_interface.o(.constdata)
 <LI><a href="#[123]">cwm_sedentary_activity_reset_sleep</a> from cwm_sedentary_activity.o(i.cwm_sedentary_activity_reset_sleep) referenced from cwm_seden_activity_interface.o(.constdata)
 <LI><a href="#[11f]">cwm_sedentary_activity_reset_stand</a> from cwm_sedentary_activity.o(i.cwm_sedentary_activity_reset_stand) referenced from cwm_seden_activity_interface.o(.constdata)
 <LI><a href="#[11e]">cwm_sedentary_activity_set_ap_status</a> from cwm_sedentary_activity.o(i.cwm_sedentary_activity_set_ap_status) referenced from cwm_seden_activity_interface.o(.constdata)
 <LI><a href="#[b1]">da2__check_mcu</a> from chip_manager.o(i.da2__check_mcu) referenced from chip_manager.o(.constdata)
 <LI><a href="#[b2]">da2__get_uid</a> from chip_manager.o(i.da2__get_uid) referenced from chip_manager.o(.constdata)
 <LI><a href="#[10]">donothing</a> from algoattribute_emptyobj.o(i.donothing) referenced 6 times from algoattribute_emptyobj.o(.data)
 <LI><a href="#[a1]">drv_custom</a> from drv_custom.o(i.drv_custom) referenced from config_drv.o(.constdata)
 <LI><a href="#[12e]">enable_cwm_biking</a> from cwm_biking.o(i.enable_cwm_biking) referenced from cwm_biking_interface.o(.constdata)
 <LI><a href="#[112]">enable_cwm_pedometer</a> from cwm_pedometer_watch_activity.o(i.enable_cwm_pedometer) referenced from cwm_pedometer_interface.o(.constdata)
 <LI><a href="#[125]">enable_cwm_sedentary_activity</a> from cwm_sedentary_activity.o(i.enable_cwm_sedentary_activity) referenced from cwm_seden_activity_interface.o(.constdata)
 <LI><a href="#[55]">evtCallback</a> from proj_prepare.o(i.evtCallback) referenced from proj_prepare.o(i.CWM_LibPostInit)
 <LI><a href="#[5c]">fputc</a> from retarget.o(i.fputc) referenced from printfa.o(i.__0printf)
 <LI><a href="#[ae]">g5a__check_mcu</a> from chip_manager.o(i.g5a__check_mcu) referenced from chip_manager.o(.constdata)
 <LI><a href="#[af]">g5a__get_uid</a> from chip_manager.o(i.g5a__get_uid) referenced from chip_manager.o(.constdata)
 <LI><a href="#[b]">getChipManager2</a> from chip_manager.o(i.getChipManager2) referenced 2 times from chip_manager.o(.data)
 <LI><a href="#[93]">get_evtmgr_item</a> from scheduler.o(i.get_evtmgr_item) referenced from scheduler.o(i.subscribeEvent)
 <LI><a href="#[93]">get_evtmgr_item</a> from scheduler.o(i.get_evtmgr_item) referenced from scheduler.o(i.unSubscribeEvent)
 <LI><a href="#[48]">get_evtmgr_item_type_only</a> from scheduler.o(i.get_evtmgr_item_type_only) referenced from scheduler.o(.cwm_sec.common_aml.p0)
 <LI><a href="#[48]">get_evtmgr_item_type_only</a> from scheduler.o(i.get_evtmgr_item_type_only) referenced from scheduler.o(i.subscribeEvent)
 <LI><a href="#[59]">get_msg_item</a> from sensor_manager.o(i.get_msg_item) referenced from sensor_manager.o(i.MGR_Disable)
 <LI><a href="#[59]">get_msg_item</a> from sensor_manager.o(i.get_msg_item) referenced from sensor_manager.o(i.MGR_Enable)
 <LI><a href="#[92]">get_sensor</a> from hal_sensor.o(i.get_sensor) referenced from hal_sensor.o(i.sensorDisable)
 <LI><a href="#[92]">get_sensor</a> from hal_sensor.o(i.get_sensor) referenced from hal_sensor.o(i.sensorEnable)
 <LI><a href="#[92]">get_sensor</a> from hal_sensor.o(i.get_sensor) referenced from hal_sensor.o(i.sensorIoCtl)
 <LI><a href="#[92]">get_sensor</a> from hal_sensor.o(i.get_sensor) referenced from hal_sensor.o(i.sensorSetRate)
 <LI><a href="#[86]">getoperated</a> from algo_proc_absolute_static.o(i.getoperated) referenced from algo_proc_absolute_static.o(i.obj_absolute_static_new)
 <LI><a href="#[89]">getoperated</a> from algo_proc_activity_recognition.o(i.getoperated) referenced from algo_proc_activity_recognition.o(i.obj_ar_new)
 <LI><a href="#[8c]">getoperated</a> from algo_proc_watch_hand_up_down.o(i.getoperated) referenced from algo_proc_watch_hand_up_down.o(i.obj_handupdownwatch_new)
 <LI><a href="#[8f]">getoperated</a> from algo_proc_rocking_detection.o(i.getoperated) referenced from algo_proc_rocking_detection.o(i.obj_rockingdetection_new)
 <LI><a href="#[dc]">gnssIoctl</a> from drv_custom.o(i.gnssIoctl) referenced from drv_custom.o(.constdata)
 <LI><a href="#[db]">gnssSetRate</a> from drv_custom.o(i.gnssSetRate) referenced from drv_custom.o(.constdata)
 <LI><a href="#[da]">gnssStepPower</a> from drv_custom.o(i.gnssStepPower) referenced from drv_custom.o(.constdata)
 <LI><a href="#[66]">gnss_sensor_config</a> from algo_amh.o(i.gnss_sensor_config) referenced from algo_amh.o(i.algo_amh)
 <LI><a href="#[cd]">gyroIoctl</a> from drv_custom.o(i.gyroIoctl) referenced from drv_custom.o(.constdata)
 <LI><a href="#[cc]">gyroSetRate</a> from drv_custom.o(i.gyroSetRate) referenced from drv_custom.o(.constdata)
 <LI><a href="#[cb]">gyroStepPower</a> from drv_custom.o(i.gyroStepPower) referenced from drv_custom.o(.constdata)
 <LI><a href="#[61]">gyro_sensor_config</a> from algo_amh.o(i.gyro_sensor_config) referenced from algo_amh.o(i.algo_amh)
 <LI><a href="#[d9]">hrIoctl</a> from drv_custom.o(i.hrIoctl) referenced from drv_custom.o(.constdata)
 <LI><a href="#[d8]">hrSetRate</a> from drv_custom.o(i.hrSetRate) referenced from drv_custom.o(.constdata)
 <LI><a href="#[d7]">hrStepPower</a> from drv_custom.o(i.hrStepPower) referenced from drv_custom.o(.constdata)
 <LI><a href="#[64]">hr_sensor_config</a> from algo_amh.o(i.hr_sensor_config) referenced from algo_amh.o(i.algo_amh)
 <LI><a href="#[77]">in_pin_handler</a> from board_nordic.o(i.in_pin_handler) referenced from board_nordic.o(i.gpio_init)
 <LI><a href="#[111]">init_cwm_pedometer</a> from cwm_pedometer_watch_activity.o(i.init_cwm_pedometer) referenced from cwm_pedometer_interface.o(.constdata)
 <LI><a href="#[124]">init_cwm_sedentary_activity</a> from cwm_sedentary_activity.o(i.init_cwm_sedentary_activity) referenced from cwm_seden_activity_interface.o(.constdata)
 <LI><a href="#[a0]">input_sensor_manager</a> from input_sensor_manager.o(i.input_sensor_manager) referenced from config_drv.o(.constdata)
 <LI><a href="#[7c]">input_sensor_manager_handleEvent</a> from input_sensor_manager.o(.cwm_sec.common_aml.p0) referenced from input_sensor_manager.o(i.input_sensor_manager)
 <LI><a href="#[6e]">log_mask</a> from amh_main.o(i.log_mask) referenced from amh_main.o(i.amh_main_new)
 <LI><a href="#[d0]">magIoctl</a> from drv_custom.o(i.magIoctl) referenced from drv_custom.o(.constdata)
 <LI><a href="#[cf]">magSetRate</a> from drv_custom.o(i.magSetRate) referenced from drv_custom.o(.constdata)
 <LI><a href="#[ce]">magStepPower</a> from drv_custom.o(i.magStepPower) referenced from drv_custom.o(.constdata)
 <LI><a href="#[62]">mag_sensor_config</a> from algo_amh.o(i.mag_sensor_config) referenced from algo_amh.o(i.algo_amh)
 <LI><a href="#[46]">main</a> from main.o(i.main) referenced from entry9a.o(.ARM.Collect$$$$0000000B)
 <LI><a href="#[a7]">n32__check_mcu</a> from chip_manager.o(i.n32__check_mcu) referenced from chip_manager.o(.constdata)
 <LI><a href="#[a5]">n40__check_mcu</a> from chip_manager.o(i.n40__check_mcu) referenced from chip_manager.o(.constdata)
 <LI><a href="#[a6]">n40__get_uid</a> from chip_manager.o(i.n40__get_uid) referenced 2 times from chip_manager.o(.constdata)
 <LI><a href="#[ac]">n5a__check_mcu</a> from chip_manager.o(i.n5a__check_mcu) referenced from chip_manager.o(.constdata)
 <LI><a href="#[ad]">n5a__get_uid</a> from chip_manager.o(i.n5a__get_uid) referenced from chip_manager.o(.constdata)
 <LI><a href="#[9f]">nrf_log_backend_rtt_flush</a> from nrf_log_backend_rtt.o(i.nrf_log_backend_rtt_flush) referenced from nrf_log_backend_rtt.o(.constdata)
 <LI><a href="#[9e]">nrf_log_backend_rtt_panic_set</a> from nrf_log_backend_rtt.o(i.nrf_log_backend_rtt_panic_set) referenced from nrf_log_backend_rtt.o(.constdata)
 <LI><a href="#[9d]">nrf_log_backend_rtt_put</a> from nrf_log_backend_rtt.o(i.nrf_log_backend_rtt_put) referenced from nrf_log_backend_rtt.o(.constdata)
 <LI><a href="#[9b]">nrfx_uart_0_irq_handler</a> from nrfx_uart.o(i.nrfx_uart_0_irq_handler) referenced from nrfx_uart.o(.constdata)
 <LI><a href="#[9c]">nrfx_uarte_0_irq_handler</a> from nrfx_uarte.o(i.nrfx_uarte_0_irq_handler) referenced from nrfx_uarte.o(.constdata)
 <LI><a href="#[df]">offBodyIoctl</a> from drv_custom.o(i.offBodyIoctl) referenced from drv_custom.o(.constdata)
 <LI><a href="#[de]">offBodySetRate</a> from drv_custom.o(i.offBodySetRate) referenced from drv_custom.o(.constdata)
 <LI><a href="#[dd]">offBodyStepPower</a> from drv_custom.o(i.offBodyStepPower) referenced from drv_custom.o(.constdata)
 <LI><a href="#[63]">offbody_sensor_config</a> from algo_amh.o(i.offbody_sensor_config) referenced from algo_amh.o(i.algo_amh)
 <LI><a href="#[e2]">onChargingIoctl</a> from drv_custom.o(i.onChargingIoctl) referenced from drv_custom.o(.constdata)
 <LI><a href="#[e1]">onChargingSetRate</a> from drv_custom.o(i.onChargingSetRate) referenced from drv_custom.o(.constdata)
 <LI><a href="#[e0]">onChargingStepPower</a> from drv_custom.o(i.onChargingStepPower) referenced from drv_custom.o(.constdata)
 <LI><a href="#[67]">oncharging_sensor_config</a> from algo_amh.o(i.oncharging_sensor_config) referenced from algo_amh.o(i.algo_amh)
 <LI><a href="#[95]">one_sec_timer_handle</a> from board_nordic.o(i.one_sec_timer_handle) referenced from board_nordic.o(i.timer_init)
 <LI><a href="#[7e]">platform_read</a> from main.o(i.platform_read) referenced from main.o(i.main)
 <LI><a href="#[7d]">platform_write</a> from main.o(i.platform_write) referenced from main.o(i.main)
 <LI><a href="#[87]">proc_absolute_static</a> from algo_proc_absolute_static.o(.cwm_sec.common_amh_proc.p3) referenced from algo_proc_absolute_static.o(i.obj_absolute_static_new)
 <LI><a href="#[8a]">proc_activity_recognition</a> from algo_proc_activity_recognition.o(.cwm_sec.common_amh_proc.p3) referenced from algo_proc_activity_recognition.o(i.obj_ar_new)
 <LI><a href="#[90]">proc_rocking_detection</a> from algo_proc_rocking_detection.o(.cwm_sec.common_amh_proc.p3) referenced from algo_proc_rocking_detection.o(i.obj_rockingdetection_new)
 <LI><a href="#[8d]">proc_watch_hand_up_down</a> from algo_proc_watch_hand_up_down.o(.cwm_sec.common_amh_proc.p3) referenced from algo_proc_watch_hand_up_down.o(i.obj_handupdownwatch_new)
 <LI><a href="#[a8]">r87__check_mcu</a> from chip_manager.o(i.r87__check_mcu) referenced from chip_manager.o(.constdata)
 <LI><a href="#[a9]">r87__get_uid</a> from chip_manager.o(i.r87__get_uid) referenced from chip_manager.o(.constdata)
 <LI><a href="#[aa]">r8a__check_mcu</a> from chip_manager.o(i.r8a__check_mcu) referenced from chip_manager.o(.constdata)
 <LI><a href="#[ab]">r8a__get_uid</a> from chip_manager.o(i.r8a__get_uid) referenced from chip_manager.o(.constdata)
 <LI><a href="#[e5]">reqSensorIoctl</a> from drv_custom.o(i.reqSensorIoctl) referenced from drv_custom.o(.constdata)
 <LI><a href="#[e3]">reqSensorPower</a> from drv_custom.o(i.reqSensorPower) referenced from drv_custom.o(.constdata)
 <LI><a href="#[e4]">reqSensorSetRate</a> from drv_custom.o(i.reqSensorSetRate) referenced from drv_custom.o(.constdata)
 <LI><a href="#[91]">rtc_handler</a> from board_nordic.o(i.rtc_handler) referenced from board_nordic.o(i.rtc_config)
 <LI><a href="#[4e]">sensorMotionListener</a> from proj_prepare.o(.cwm_sec.common_aml.p0) referenced from proj_prepare.o(i.CWM_LibPostInit)
 <LI><a href="#[84]">serial_tx</a> from nrf_log_backend_rtt.o(i.serial_tx) referenced from nrf_log_backend_rtt.o(i.nrf_log_backend_rtt_put)
 <LI><a href="#[be]">setIoctl</a> from proj_algo.o(i.setIoctl) referenced 10 times from proj_algo.o(.constdata)
 <LI><a href="#[ba]">setRate</a> from algo_amh.o(i.setRate) referenced 11 times from algo_amh.o(.constdata)
 <LI><a href="#[85]">setoperated</a> from algo_proc_absolute_static.o(i.setoperated) referenced from algo_proc_absolute_static.o(i.obj_absolute_static_new)
 <LI><a href="#[88]">setoperated</a> from algo_proc_activity_recognition.o(i.setoperated) referenced from algo_proc_activity_recognition.o(i.obj_ar_new)
 <LI><a href="#[8b]">setoperated</a> from algo_proc_watch_hand_up_down.o(i.setoperated) referenced from algo_proc_watch_hand_up_down.o(i.obj_handupdownwatch_new)
 <LI><a href="#[8e]">setoperated</a> from algo_proc_rocking_detection.o(i.setoperated) referenced from algo_proc_rocking_detection.o(i.obj_rockingdetection_new)
 <LI><a href="#[b9]">stepPower</a> from algo_amh.o(i.stepPower) referenced from algo_amh.o(.constdata)
 <LI><a href="#[d6]">tempIoctl</a> from drv_custom.o(i.tempIoctl) referenced from drv_custom.o(.constdata)
 <LI><a href="#[d5]">tempSetRate</a> from drv_custom.o(i.tempSetRate) referenced from drv_custom.o(.constdata)
 <LI><a href="#[d4]">tempStepPower</a> from drv_custom.o(i.tempStepPower) referenced from drv_custom.o(.constdata)
 <LI><a href="#[54]">timerCallBack_1000ms</a> from proj_prepare.o(i.timerCallBack_1000ms) referenced from proj_prepare.o(i.CWM_LibPostInit)
 <LI><a href="#[53]">timerCallBack_100ms</a> from proj_prepare.o(i.timerCallBack_100ms) referenced from proj_prepare.o(i.CWM_LibPostInit)
 <LI><a href="#[50]">timerCallBack_10ms</a> from proj_prepare.o(i.timerCallBack_10ms) referenced from proj_prepare.o(i.CWM_LibPostInit)
 <LI><a href="#[51]">timerCallBack_20ms</a> from proj_prepare.o(i.timerCallBack_20ms) referenced from proj_prepare.o(i.CWM_LibPostInit)
 <LI><a href="#[52]">timerCallBack_40ms</a> from proj_prepare.o(i.timerCallBack_40ms) referenced from proj_prepare.o(i.CWM_LibPostInit)
 <LI><a href="#[4f]">timerCallBack_5ms</a> from proj_prepare.o(i.timerCallBack_5ms) referenced from proj_prepare.o(i.CWM_LibPostInit)
 <LI><a href="#[6a]">timerCallBack_LowPower</a> from algo_amh.o(i.timerCallBack_LowPower) referenced from algo_amh.o(i.algo_amh)
 <LI><a href="#[7b]">twi_handler</a> from board_nordic.o(i.twi_handler) referenced from board_nordic.o(i.i2c_init)
 <LI><a href="#[81]">twim_evt_handler</a> from nrf_drv_twi.o(i.twim_evt_handler) referenced from nrf_drv_twi.o(i.nrf_drv_twi_init)
 <LI><a href="#[96]">uart_error_handle</a> from board_nordic.o(i.uart_error_handle) referenced from board_nordic.o(i.uart_init)
 <LI><a href="#[71]">uart_event_handler</a> from app_uart_fifo.o(i.uart_event_handler) referenced from app_uart_fifo.o(i.app_uart_init)
 <LI><a href="#[83]">uart_evt_handler</a> from nrf_drv_uart.o(i.uart_evt_handler) referenced from nrf_drv_uart.o(i.nrf_drv_uart_init)
 <LI><a href="#[82]">uarte_evt_handler</a> from nrf_drv_uart.o(i.uarte_evt_handler) referenced from nrf_drv_uart.o(i.nrf_drv_uart_init)
 <LI><a href="#[68]">virsens_dataadpter</a> from algo_amh.o(i.virsens_dataadpter) referenced from algo_amh.o(i.algo_amh)
</UL>
<P>
<H3>
Global Symbols
</H3>
<P><STRONG><a name="[4b]"></a>__main</STRONG> (Thumb, 0 bytes, Stack size unknown bytes, entry.o(.ARM.Collect$$$$00000000))
<BR>[Address Reference Count : 1]<UL><LI> arm_startup_nrf52840.o(.text)
</UL>
<P><STRONG><a name="[54a]"></a>_main_stk</STRONG> (Thumb, 0 bytes, Stack size unknown bytes, entry2.o(.ARM.Collect$$$$00000001))

<P><STRONG><a name="[143]"></a>_main_scatterload</STRONG> (Thumb, 0 bytes, Stack size unknown bytes, entry5.o(.ARM.Collect$$$$00000004))
<BR><BR>[Calls]<UL><LI><a href="#[144]">&gt;&gt;</a>&nbsp;&nbsp;&nbsp;__scatterload
</UL>

<P><STRONG><a name="[1aa]"></a>__main_after_scatterload</STRONG> (Thumb, 0 bytes, Stack size unknown bytes, entry5.o(.ARM.Collect$$$$00000004))
<BR><BR>[Called By]<UL><LI><a href="#[144]">&gt;&gt;</a>&nbsp;&nbsp;&nbsp;__scatterload
</UL>

<P><STRONG><a name="[54b]"></a>_main_clock</STRONG> (Thumb, 0 bytes, Stack size unknown bytes, entry7b.o(.ARM.Collect$$$$00000008))

<P><STRONG><a name="[54c]"></a>_main_cpp_init</STRONG> (Thumb, 0 bytes, Stack size unknown bytes, entry8b.o(.ARM.Collect$$$$0000000A))

<P><STRONG><a name="[54d]"></a>_main_init</STRONG> (Thumb, 0 bytes, Stack size unknown bytes, entry9a.o(.ARM.Collect$$$$0000000B))

<P><STRONG><a name="[54e]"></a>__rt_lib_shutdown_fini</STRONG> (Thumb, 0 bytes, Stack size unknown bytes, entry12b.o(.ARM.Collect$$$$0000000E))

<P><STRONG><a name="[54f]"></a>__rt_final_cpp</STRONG> (Thumb, 0 bytes, Stack size unknown bytes, entry10a.o(.ARM.Collect$$$$0000000F))

<P><STRONG><a name="[550]"></a>__rt_final_exit</STRONG> (Thumb, 0 bytes, Stack size unknown bytes, entry11a.o(.ARM.Collect$$$$00000011))

<P><STRONG><a name="[152]"></a>sec2timedate</STRONG> (Thumb, 354 bytes, Stack size 20 bytes, amh_time.o(.cwm_sec.common_amh_proc.p3))
<BR><BR>[Stack]<UL><LI>Max Depth = 20<LI>Call Chain = sec2timedate
</UL>
<BR>[Called By]<UL><LI><a href="#[353]">&gt;&gt;</a>&nbsp;&nbsp;&nbsp;check_timedate
<LI><a href="#[148]">&gt;&gt;</a>&nbsp;&nbsp;&nbsp;amhTime2timedate
</UL>

<P><STRONG><a name="[148]"></a>amhTime2timedate</STRONG> (Thumb, 2 bytes, Stack size 0 bytes, amh_time.o(.cwm_sec.common_amh_proc.p3))
<BR><BR>[Stack]<UL><LI>Max Depth = 20<LI>Call Chain = amhTime2timedate &rArr; sec2timedate
</UL>
<BR>[Calls]<UL><LI><a href="#[152]">&gt;&gt;</a>&nbsp;&nbsp;&nbsp;sec2timedate
</UL>
<BR>[Called By]<UL><LI><a href="#[145]">&gt;&gt;</a>&nbsp;&nbsp;&nbsp;algo_proc_activity_recognition
<LI><a href="#[2a6]">&gt;&gt;</a>&nbsp;&nbsp;&nbsp;SaveSleepOutputTime
<LI><a href="#[233]">&gt;&gt;</a>&nbsp;&nbsp;&nbsp;DateToUnixTime
</UL>

<P><STRONG><a name="[1]"></a>MgrUpdate_Acc</STRONG> (Thumb, 148 bytes, Stack size 24 bytes, input_sensor_manager.o(.cwm_sec.common_aml.p0))
<BR><BR>[Stack]<UL><LI>Max Depth = 40<LI>Call Chain = MgrUpdate_Acc &rArr; MGR_SensorUpdate
</UL>
<BR>[Calls]<UL><LI><a href="#[14a]">&gt;&gt;</a>&nbsp;&nbsp;&nbsp;__aeabi_memclr4
<LI><a href="#[153]">&gt;&gt;</a>&nbsp;&nbsp;&nbsp;MGR_SensorUpdate
</UL>
<BR>[Address Reference Count : 1]<UL><LI> input_sensor_manager.o(.data)
</UL>
<P><STRONG><a name="[16e]"></a>CWM_CustomSensorInput</STRONG> (Thumb, 76 bytes, Stack size 16 bytes, input_sensor_manager.o(.cwm_sec.common_aml.p0))
<BR><BR>[Stack]<UL><LI>Max Depth = 760<LI>Call Chain = CWM_CustomSensorInput &rArr; sensorInput &rArr; doubleArrayM2IntString &rArr; doubleM2Int &rArr; __aeabi_dmul &rArr; _double_epilogue &rArr; _double_round
</UL>
<BR>[Calls]<UL><LI><a href="#[16f]">&gt;&gt;</a>&nbsp;&nbsp;&nbsp;setCustDrvPollingDataReady
<LI><a href="#[170]">&gt;&gt;</a>&nbsp;&nbsp;&nbsp;mgrUpdateBySchedule
<LI><a href="#[164]">&gt;&gt;</a>&nbsp;&nbsp;&nbsp;sensorInput
<LI><a href="#[15e]">&gt;&gt;</a>&nbsp;&nbsp;&nbsp;getSensorIndexTbl
</UL>
<BR>[Called By]<UL><LI><a href="#[46]">&gt;&gt;</a>&nbsp;&nbsp;&nbsp;main
</UL>

<P><STRONG><a name="[172]"></a>mgr_update_process_all</STRONG> (Thumb, 48 bytes, Stack size 8 bytes, input_sensor_manager.o(.cwm_sec.common_aml.p0), UNUSED)
<BR><BR>[Calls]<UL><LI><a href="#[173]">&gt;&gt;</a>&nbsp;&nbsp;&nbsp;getCustDrvPollingDataReady
<LI><a href="#[171]">&gt;&gt;</a>&nbsp;&nbsp;&nbsp;mgr_update_process_si
</UL>
<BR>[Called By]<UL><LI><a href="#[17c]">&gt;&gt;</a>&nbsp;&nbsp;&nbsp;CWM_process2
</UL>

<P><STRONG><a name="[177]"></a>CWM_process</STRONG> (Thumb, 118 bytes, Stack size 16 bytes, proj_prepare.o(.cwm_sec.common_aml.p0))
<BR><BR>[Stack]<UL><LI>Max Depth = 144<LI>Call Chain = CWM_process &rArr; updateTimer &rArr; cwmTimerIRQHandler &rArr; __aeabi_ldivmod &rArr; __aeabi_uldivmod
</UL>
<BR>[Calls]<UL><LI><a href="#[146]">&gt;&gt;</a>&nbsp;&nbsp;&nbsp;__aeabi_uldivmod
<LI><a href="#[178]">&gt;&gt;</a>&nbsp;&nbsp;&nbsp;syc_setLibRunning
<LI><a href="#[17a]">&gt;&gt;</a>&nbsp;&nbsp;&nbsp;CWM_Scheduler
<LI><a href="#[17b]">&gt;&gt;</a>&nbsp;&nbsp;&nbsp;CWM_GetScheduleQueueSize
<LI><a href="#[179]">&gt;&gt;</a>&nbsp;&nbsp;&nbsp;updateTimer
<LI><a href="#[175]">&gt;&gt;</a>&nbsp;&nbsp;&nbsp;checkProtectStatus
<LI><a href="#[158]">&gt;&gt;</a>&nbsp;&nbsp;&nbsp;sys_dbgPrintf
<LI><a href="#[165]">&gt;&gt;</a>&nbsp;&nbsp;&nbsp;sys_GetTimeNs
<LI><a href="#[162]">&gt;&gt;</a>&nbsp;&nbsp;&nbsp;syc_getFeatureLog
</UL>
<BR>[Called By]<UL><LI><a href="#[46]">&gt;&gt;</a>&nbsp;&nbsp;&nbsp;main
</UL>

<P><STRONG><a name="[17c]"></a>CWM_process2</STRONG> (Thumb, 124 bytes, Stack size 24 bytes, proj_prepare.o(.cwm_sec.common_aml.p0), UNUSED)
<BR><BR>[Calls]<UL><LI><a href="#[146]">&gt;&gt;</a>&nbsp;&nbsp;&nbsp;__aeabi_uldivmod
<LI><a href="#[178]">&gt;&gt;</a>&nbsp;&nbsp;&nbsp;syc_setLibRunning
<LI><a href="#[17d]">&gt;&gt;</a>&nbsp;&nbsp;&nbsp;disable_sens_upadte_run_algo
<LI><a href="#[17e]">&gt;&gt;</a>&nbsp;&nbsp;&nbsp;amhProcess_dt
<LI><a href="#[175]">&gt;&gt;</a>&nbsp;&nbsp;&nbsp;checkProtectStatus
<LI><a href="#[158]">&gt;&gt;</a>&nbsp;&nbsp;&nbsp;sys_dbgPrintf
<LI><a href="#[165]">&gt;&gt;</a>&nbsp;&nbsp;&nbsp;sys_GetTimeNs
<LI><a href="#[162]">&gt;&gt;</a>&nbsp;&nbsp;&nbsp;syc_getFeatureLog
<LI><a href="#[172]">&gt;&gt;</a>&nbsp;&nbsp;&nbsp;mgr_update_process_all
</UL>

<P><STRONG><a name="[180]"></a>queueGetUseSize</STRONG> (Thumb, 8 bytes, Stack size 0 bytes, scheduler.o(.cwm_sec.common_aml.p0))
<BR><BR>[Stack]<UL><LI>Max Depth = 4<LI>Call Chain = queueGetUseSize &rArr; clst_get_leng &rArr;  clst_get_leng (Cycle)
</UL>
<BR>[Calls]<UL><LI><a href="#[181]">&gt;&gt;</a>&nbsp;&nbsp;&nbsp;clst_get_leng
</UL>
<BR>[Called By]<UL><LI><a href="#[17b]">&gt;&gt;</a>&nbsp;&nbsp;&nbsp;CWM_GetScheduleQueueSize
</UL>

<P><STRONG><a name="[182]"></a>Dequeue</STRONG> (Thumb, 32 bytes, Stack size 8 bytes, scheduler.o(.cwm_sec.common_aml.p0))
<BR><BR>[Stack]<UL><LI>Max Depth = 8<LI>Call Chain = Dequeue
</UL>
<BR>[Calls]<UL><LI><a href="#[183]">&gt;&gt;</a>&nbsp;&nbsp;&nbsp;clst_mv_remove_head
<LI><a href="#[184]">&gt;&gt;</a>&nbsp;&nbsp;&nbsp;clst_mv_add
</UL>
<BR>[Called By]<UL><LI><a href="#[188]">&gt;&gt;</a>&nbsp;&nbsp;&nbsp;osevtQueueDequeue
</UL>

<P><STRONG><a name="[185]"></a>EnqueueFromIsr</STRONG> (Thumb, 72 bytes, Stack size 32 bytes, scheduler.o(.cwm_sec.common_aml.p0))
<BR><BR>[Stack]<UL><LI>Max Depth = 144<LI>Call Chain = EnqueueFromIsr &rArr; clst_add_node &rArr; sys_memAlloc &rArr; maaInit &rArr; getMallocInfo
</UL>
<BR>[Calls]<UL><LI><a href="#[183]">&gt;&gt;</a>&nbsp;&nbsp;&nbsp;clst_mv_remove_head
<LI><a href="#[184]">&gt;&gt;</a>&nbsp;&nbsp;&nbsp;clst_mv_add
<LI><a href="#[186]">&gt;&gt;</a>&nbsp;&nbsp;&nbsp;clst_add_node
</UL>
<BR>[Called By]<UL><LI><a href="#[187]">&gt;&gt;</a>&nbsp;&nbsp;&nbsp;osEnqueuePrivateEvtFromIsr
</UL>

<P><STRONG><a name="[189]"></a>getTidMemory</STRONG> (Thumb, 12 bytes, Stack size 0 bytes, scheduler.o(.cwm_sec.common_aml.p0))
<BR><BR>[Called By]<UL><LI><a href="#[47]">&gt;&gt;</a>&nbsp;&nbsp;&nbsp;callBack
<LI><a href="#[17a]">&gt;&gt;</a>&nbsp;&nbsp;&nbsp;CWM_Scheduler
</UL>

<P><STRONG><a name="[187]"></a>osEnqueuePrivateEvtFromIsr</STRONG> (Thumb, 2 bytes, Stack size 0 bytes, scheduler.o(.cwm_sec.common_aml.p0))
<BR><BR>[Stack]<UL><LI>Max Depth = 144<LI>Call Chain = osEnqueuePrivateEvtFromIsr &rArr; EnqueueFromIsr &rArr; clst_add_node &rArr; sys_memAlloc &rArr; maaInit &rArr; getMallocInfo
</UL>
<BR>[Calls]<UL><LI><a href="#[185]">&gt;&gt;</a>&nbsp;&nbsp;&nbsp;EnqueueFromIsr
</UL>
<BR>[Called By]<UL><LI><a href="#[6a]">&gt;&gt;</a>&nbsp;&nbsp;&nbsp;timerCallBack_LowPower
<LI><a href="#[170]">&gt;&gt;</a>&nbsp;&nbsp;&nbsp;mgrUpdateBySchedule
<LI><a href="#[1da]">&gt;&gt;</a>&nbsp;&nbsp;&nbsp;sensorInput_Fifo_End
</UL>

<P><STRONG><a name="[188]"></a>osevtQueueDequeue</STRONG> (Thumb, 32 bytes, Stack size 16 bytes, scheduler.o(.cwm_sec.common_aml.p0))
<BR><BR>[Stack]<UL><LI>Max Depth = 24<LI>Call Chain = osevtQueueDequeue &rArr; Dequeue
</UL>
<BR>[Calls]<UL><LI><a href="#[182]">&gt;&gt;</a>&nbsp;&nbsp;&nbsp;Dequeue
</UL>
<BR>[Called By]<UL><LI><a href="#[17a]">&gt;&gt;</a>&nbsp;&nbsp;&nbsp;CWM_Scheduler
</UL>

<P><STRONG><a name="[17a]"></a>CWM_Scheduler</STRONG> (Thumb, 116 bytes, Stack size 64 bytes, scheduler.o(.cwm_sec.common_aml.p0))
<BR><BR>[Stack]<UL><LI>Max Depth = 88<LI>Call Chain = CWM_Scheduler &rArr; osevtQueueDequeue &rArr; Dequeue
</UL>
<BR>[Calls]<UL><LI><a href="#[188]">&gt;&gt;</a>&nbsp;&nbsp;&nbsp;osevtQueueDequeue
<LI><a href="#[189]">&gt;&gt;</a>&nbsp;&nbsp;&nbsp;getTidMemory
<LI><a href="#[18a]">&gt;&gt;</a>&nbsp;&nbsp;&nbsp;clst_get_node
</UL>
<BR>[Called By]<UL><LI><a href="#[177]">&gt;&gt;</a>&nbsp;&nbsp;&nbsp;CWM_process
</UL>

<P><STRONG><a name="[17b]"></a>CWM_GetScheduleQueueSize</STRONG> (Thumb, 2 bytes, Stack size 0 bytes, scheduler.o(.cwm_sec.common_aml.p0))
<BR><BR>[Stack]<UL><LI>Max Depth = 4<LI>Call Chain = CWM_GetScheduleQueueSize &rArr; queueGetUseSize &rArr; clst_get_leng &rArr;  clst_get_leng (Cycle)
</UL>
<BR>[Calls]<UL><LI><a href="#[180]">&gt;&gt;</a>&nbsp;&nbsp;&nbsp;queueGetUseSize
</UL>
<BR>[Called By]<UL><LI><a href="#[177]">&gt;&gt;</a>&nbsp;&nbsp;&nbsp;CWM_process
<LI><a href="#[1e7]">&gt;&gt;</a>&nbsp;&nbsp;&nbsp;CWM_GetNextActionDuration_ns
</UL>

<P><STRONG><a name="[551]"></a>getOsAPI</STRONG> (Thumb, 4 bytes, Stack size 0 bytes, sysplat.o(.cwm_sec.common_aml.p0), UNUSED)

<P><STRONG><a name="[165]"></a>sys_GetTimeNs</STRONG> (Thumb, 14 bytes, Stack size 0 bytes, sysplat.o(.cwm_sec.common_aml.p0))
<BR><BR>[Called By]<UL><LI><a href="#[177]">&gt;&gt;</a>&nbsp;&nbsp;&nbsp;CWM_process
<LI><a href="#[1e7]">&gt;&gt;</a>&nbsp;&nbsp;&nbsp;CWM_GetNextActionDuration_ns
<LI><a href="#[1db]">&gt;&gt;</a>&nbsp;&nbsp;&nbsp;CWM_CustomSensorInput_Fifo_Init
<LI><a href="#[e5]">&gt;&gt;</a>&nbsp;&nbsp;&nbsp;reqSensorIoctl
<LI><a href="#[76]">&gt;&gt;</a>&nbsp;&nbsp;&nbsp;CUSTOM_CMD
<LI><a href="#[5f]">&gt;&gt;</a>&nbsp;&nbsp;&nbsp;SystemEVT
<LI><a href="#[363]">&gt;&gt;</a>&nbsp;&nbsp;&nbsp;sys_uSleep
<LI><a href="#[205]">&gt;&gt;</a>&nbsp;&nbsp;&nbsp;_CWM_Sensor_Enable
<LI><a href="#[17f]">&gt;&gt;</a>&nbsp;&nbsp;&nbsp;ProjPrepareListen
<LI><a href="#[17c]">&gt;&gt;</a>&nbsp;&nbsp;&nbsp;CWM_process2
<LI><a href="#[179]">&gt;&gt;</a>&nbsp;&nbsp;&nbsp;updateTimer
<LI><a href="#[206]">&gt;&gt;</a>&nbsp;&nbsp;&nbsp;CWM_SettingControl_adv
<LI><a href="#[175]">&gt;&gt;</a>&nbsp;&nbsp;&nbsp;checkProtectStatus
<LI><a href="#[1de]">&gt;&gt;</a>&nbsp;&nbsp;&nbsp;sensorInput_Fifo_Start
<LI><a href="#[1da]">&gt;&gt;</a>&nbsp;&nbsp;&nbsp;sensorInput_Fifo_End
<LI><a href="#[171]">&gt;&gt;</a>&nbsp;&nbsp;&nbsp;mgr_update_process_si
<LI><a href="#[164]">&gt;&gt;</a>&nbsp;&nbsp;&nbsp;sensorInput
</UL>

<P><STRONG><a name="[162]"></a>syc_getFeatureLog</STRONG> (Thumb, 16 bytes, Stack size 0 bytes, syscfg.o(.cwm_sec.common_aml.p0))
<BR><BR>[Called By]<UL><LI><a href="#[177]">&gt;&gt;</a>&nbsp;&nbsp;&nbsp;CWM_process
<LI><a href="#[1db]">&gt;&gt;</a>&nbsp;&nbsp;&nbsp;CWM_CustomSensorInput_Fifo_Init
<LI><a href="#[205]">&gt;&gt;</a>&nbsp;&nbsp;&nbsp;_CWM_Sensor_Enable
<LI><a href="#[17f]">&gt;&gt;</a>&nbsp;&nbsp;&nbsp;ProjPrepareListen
<LI><a href="#[17c]">&gt;&gt;</a>&nbsp;&nbsp;&nbsp;CWM_process2
<LI><a href="#[206]">&gt;&gt;</a>&nbsp;&nbsp;&nbsp;CWM_SettingControl_adv
<LI><a href="#[164]">&gt;&gt;</a>&nbsp;&nbsp;&nbsp;sensorInput
<LI><a href="#[161]">&gt;&gt;</a>&nbsp;&nbsp;&nbsp;showSensorInputLog
</UL>

<P><STRONG><a name="[16c]"></a>syc_getFeatureDbg</STRONG> (Thumb, 16 bytes, Stack size 0 bytes, syscfg.o(.cwm_sec.common_aml.p0))
<BR><BR>[Called By]<UL><LI><a href="#[17f]">&gt;&gt;</a>&nbsp;&nbsp;&nbsp;ProjPrepareListen
<LI><a href="#[447]">&gt;&gt;</a>&nbsp;&nbsp;&nbsp;sys_memFree
<LI><a href="#[15a]">&gt;&gt;</a>&nbsp;&nbsp;&nbsp;sys_memAlloc
<LI><a href="#[164]">&gt;&gt;</a>&nbsp;&nbsp;&nbsp;sensorInput
</UL>

<P><STRONG><a name="[3da]"></a>syc_getInternalFeatureDbg</STRONG> (Thumb, 16 bytes, Stack size 0 bytes, syscfg.o(.cwm_sec.common_aml.p0))
<BR><BR>[Called By]<UL><LI><a href="#[1ad]">&gt;&gt;</a>&nbsp;&nbsp;&nbsp;sensorRegister
<LI><a href="#[1e3]">&gt;&gt;</a>&nbsp;&nbsp;&nbsp;tidAlloc
<LI><a href="#[3d9]">&gt;&gt;</a>&nbsp;&nbsp;&nbsp;cwmTimerIRQHandler
<LI><a href="#[447]">&gt;&gt;</a>&nbsp;&nbsp;&nbsp;sys_memFree
<LI><a href="#[15a]">&gt;&gt;</a>&nbsp;&nbsp;&nbsp;sys_memAlloc
</UL>

<P><STRONG><a name="[3db]"></a>syc_getLibCustomOption</STRONG> (Thumb, 16 bytes, Stack size 0 bytes, syscfg.o(.cwm_sec.common_aml.p0))
<BR><BR>[Called By]<UL><LI><a href="#[3d9]">&gt;&gt;</a>&nbsp;&nbsp;&nbsp;cwmTimerIRQHandler
</UL>

<P><STRONG><a name="[178]"></a>syc_setLibRunning</STRONG> (Thumb, 10 bytes, Stack size 0 bytes, syscfg.o(.cwm_sec.common_aml.p0))
<BR><BR>[Called By]<UL><LI><a href="#[177]">&gt;&gt;</a>&nbsp;&nbsp;&nbsp;CWM_process
<LI><a href="#[17c]">&gt;&gt;</a>&nbsp;&nbsp;&nbsp;CWM_process2
</UL>

<P><STRONG><a name="[16b]"></a>syc_isLibRunning</STRONG> (Thumb, 6 bytes, Stack size 0 bytes, syscfg.o(.cwm_sec.common_aml.p0))
<BR><BR>[Called By]<UL><LI><a href="#[1db]">&gt;&gt;</a>&nbsp;&nbsp;&nbsp;CWM_CustomSensorInput_Fifo_Init
<LI><a href="#[205]">&gt;&gt;</a>&nbsp;&nbsp;&nbsp;_CWM_Sensor_Enable
<LI><a href="#[206]">&gt;&gt;</a>&nbsp;&nbsp;&nbsp;CWM_SettingControl_adv
<LI><a href="#[1de]">&gt;&gt;</a>&nbsp;&nbsp;&nbsp;sensorInput_Fifo_Start
<LI><a href="#[1da]">&gt;&gt;</a>&nbsp;&nbsp;&nbsp;sensorInput_Fifo_End
<LI><a href="#[164]">&gt;&gt;</a>&nbsp;&nbsp;&nbsp;sensorInput
</UL>

<P><STRONG><a name="[153]"></a>MGR_SensorUpdate</STRONG> (Thumb, 36 bytes, Stack size 16 bytes, sensor_manager.o(.cwm_sec.common_aml.p0))
<BR><BR>[Stack]<UL><LI>Max Depth = 16<LI>Call Chain = MGR_SensorUpdate
</UL>
<BR>[Called By]<UL><LI><a href="#[49]">&gt;&gt;</a>&nbsp;&nbsp;&nbsp;amhapp_OutputCallback
<LI><a href="#[68]">&gt;&gt;</a>&nbsp;&nbsp;&nbsp;virsens_dataadpter
<LI><a href="#[5]">&gt;&gt;</a>&nbsp;&nbsp;&nbsp;MgrUpdate_Temp
<LI><a href="#[2a3]">&gt;&gt;</a>&nbsp;&nbsp;&nbsp;MgrUpdate_ReqSens
<LI><a href="#[a]">&gt;&gt;</a>&nbsp;&nbsp;&nbsp;MgrUpdate_OnCharging
<LI><a href="#[9]">&gt;&gt;</a>&nbsp;&nbsp;&nbsp;MgrUpdate_OffBody
<LI><a href="#[3]">&gt;&gt;</a>&nbsp;&nbsp;&nbsp;MgrUpdate_Mag
<LI><a href="#[6]">&gt;&gt;</a>&nbsp;&nbsp;&nbsp;MgrUpdate_Hr
<LI><a href="#[2]">&gt;&gt;</a>&nbsp;&nbsp;&nbsp;MgrUpdate_Gyro
<LI><a href="#[7]">&gt;&gt;</a>&nbsp;&nbsp;&nbsp;MgrUpdate_Gnss
<LI><a href="#[4]">&gt;&gt;</a>&nbsp;&nbsp;&nbsp;MgrUpdate_Baro
<LI><a href="#[8]">&gt;&gt;</a>&nbsp;&nbsp;&nbsp;MgrUpdate_AnyMotion
<LI><a href="#[1]">&gt;&gt;</a>&nbsp;&nbsp;&nbsp;MgrUpdate_Acc
</UL>

<P><STRONG><a name="[17e]"></a>amhProcess_dt</STRONG> (Thumb, 20 bytes, Stack size 0 bytes, algo_amh.o(.cwm_sec.common_aml.p0))
<BR><BR>[Called By]<UL><LI><a href="#[18b]">&gt;&gt;</a>&nbsp;&nbsp;&nbsp;amhProcess
<LI><a href="#[17c]">&gt;&gt;</a>&nbsp;&nbsp;&nbsp;CWM_process2
</UL>

<P><STRONG><a name="[17d]"></a>disable_sens_upadte_run_algo</STRONG> (Thumb, 8 bytes, Stack size 0 bytes, algo_amh.o(.cwm_sec.common_aml.p0), UNUSED)
<BR><BR>[Called By]<UL><LI><a href="#[17c]">&gt;&gt;</a>&nbsp;&nbsp;&nbsp;CWM_process2
</UL>

<P><STRONG><a name="[4d]"></a>AmhListen</STRONG> (Thumb, 26 bytes, Stack size 72 bytes, proj_algo.o(.cwm_sec.common_aml.p0))
<BR><BR>[Stack]<UL><LI>Max Depth = 256<LI>Call Chain = AmhListen &rArr; amhapp_getOutputType1 &rArr; __aeabi_drsub &rArr; __aeabi_dadd &rArr; _double_epilogue &rArr; _double_round
</UL>
<BR>[Calls]<UL><LI><a href="#[18e]">&gt;&gt;</a>&nbsp;&nbsp;&nbsp;amhapp_getOutputType1
</UL>
<BR>[Address Reference Count : 1]<UL><LI> proj_algo.o(i.AMH_Custom)
</UL>
<P><STRONG><a name="[184]"></a>clst_mv_add</STRONG> (Thumb, 34 bytes, Stack size 0 bytes, comm_list.o(.cwm_sec.common_aml.p0))
<BR><BR>[Called By]<UL><LI><a href="#[503]">&gt;&gt;</a>&nbsp;&nbsp;&nbsp;unSubscribeEvent
<LI><a href="#[249]">&gt;&gt;</a>&nbsp;&nbsp;&nbsp;Enqueue
<LI><a href="#[185]">&gt;&gt;</a>&nbsp;&nbsp;&nbsp;EnqueueFromIsr
<LI><a href="#[182]">&gt;&gt;</a>&nbsp;&nbsp;&nbsp;Dequeue
<LI><a href="#[20a]">&gt;&gt;</a>&nbsp;&nbsp;&nbsp;MGR_Enable
<LI><a href="#[208]">&gt;&gt;</a>&nbsp;&nbsp;&nbsp;MGR_Disable
</UL>

<P><STRONG><a name="[183]"></a>clst_mv_remove_head</STRONG> (Thumb, 22 bytes, Stack size 0 bytes, comm_list.o(.cwm_sec.common_aml.p0))
<BR><BR>[Called By]<UL><LI><a href="#[501]">&gt;&gt;</a>&nbsp;&nbsp;&nbsp;subscribeEvent
<LI><a href="#[249]">&gt;&gt;</a>&nbsp;&nbsp;&nbsp;Enqueue
<LI><a href="#[185]">&gt;&gt;</a>&nbsp;&nbsp;&nbsp;EnqueueFromIsr
<LI><a href="#[182]">&gt;&gt;</a>&nbsp;&nbsp;&nbsp;Dequeue
<LI><a href="#[20a]">&gt;&gt;</a>&nbsp;&nbsp;&nbsp;MGR_Enable
</UL>

<P><STRONG><a name="[18a]"></a>clst_get_node</STRONG> (Thumb, 36 bytes, Stack size 16 bytes, comm_list.o(.cwm_sec.common_aml.p0))
<BR><BR>[Stack]<UL><LI>Max Depth = 16<LI>Call Chain = clst_get_node
</UL>
<BR>[Called By]<UL><LI><a href="#[503]">&gt;&gt;</a>&nbsp;&nbsp;&nbsp;unSubscribeEvent
<LI><a href="#[501]">&gt;&gt;</a>&nbsp;&nbsp;&nbsp;subscribeEvent
<LI><a href="#[299]">&gt;&gt;</a>&nbsp;&nbsp;&nbsp;sensorSetRate
<LI><a href="#[29a]">&gt;&gt;</a>&nbsp;&nbsp;&nbsp;sensorEnable
<LI><a href="#[29b]">&gt;&gt;</a>&nbsp;&nbsp;&nbsp;sensorDisable
<LI><a href="#[298]">&gt;&gt;</a>&nbsp;&nbsp;&nbsp;sensorIoCtl
<LI><a href="#[20a]">&gt;&gt;</a>&nbsp;&nbsp;&nbsp;MGR_Enable
<LI><a href="#[17a]">&gt;&gt;</a>&nbsp;&nbsp;&nbsp;CWM_Scheduler
</UL>

<P><STRONG><a name="[181]"></a>clst_get_leng</STRONG> (Thumb, 16 bytes, Stack size 4 bytes, comm_list.o(.cwm_sec.common_aml.p0))
<BR><BR>[Stack]<UL><LI>Max Depth = 4 + In Cycle
<LI>Call Chain = clst_get_leng &rArr;  clst_get_leng (Cycle)
</UL>
<BR>[Calls]<UL><LI><a href="#[181]">&gt;&gt;</a>&nbsp;&nbsp;&nbsp;clst_get_leng
</UL>
<BR>[Called By]<UL><LI><a href="#[180]">&gt;&gt;</a>&nbsp;&nbsp;&nbsp;queueGetUseSize
<LI><a href="#[181]">&gt;&gt;</a>&nbsp;&nbsp;&nbsp;clst_get_leng
<LI><a href="#[1ad]">&gt;&gt;</a>&nbsp;&nbsp;&nbsp;sensorRegister
</UL>

<P><STRONG><a name="[6d]"></a>amh_main_proc</STRONG> (Thumb, 306 bytes, Stack size 32 bytes, amh_main.o(.cwm_sec.common_aml.p0))
<BR><BR>[Stack]<UL><LI>Max Depth = 1040<LI>Call Chain = amh_main_proc &rArr; amh_rlog &rArr; amh_dlog_index &rArr; dlogRaw &rArr; conLogItems &rArr; getItemString &rArr; __aeabi_dmul &rArr; _double_epilogue &rArr; _double_round
</UL>
<BR>[Calls]<UL><LI><a href="#[191]">&gt;&gt;</a>&nbsp;&nbsp;&nbsp;setHrRange_user
<LI><a href="#[18f]">&gt;&gt;</a>&nbsp;&nbsp;&nbsp;getAmhTime
<LI><a href="#[192]">&gt;&gt;</a>&nbsp;&nbsp;&nbsp;calcHeartRateRange
<LI><a href="#[194]">&gt;&gt;</a>&nbsp;&nbsp;&nbsp;amh_rlog
<LI><a href="#[193]">&gt;&gt;</a>&nbsp;&nbsp;&nbsp;amh_reSample_proc
<LI><a href="#[190]">&gt;&gt;</a>&nbsp;&nbsp;&nbsp;amh_dlog
<LI><a href="#[146]">&gt;&gt;</a>&nbsp;&nbsp;&nbsp;__aeabi_uldivmod
</UL>
<BR>[Address Reference Count : 1]<UL><LI> amh_main.o(i.amh_main_new)
</UL>
<P><STRONG><a name="[191]"></a>setHrRange_user</STRONG> (Thumb, 30 bytes, Stack size 0 bytes, amh_common.o(.cwm_sec.common_aml.p0))
<BR><BR>[Called By]<UL><LI><a href="#[6d]">&gt;&gt;</a>&nbsp;&nbsp;&nbsp;amh_main_proc
<LI><a href="#[88]">&gt;&gt;</a>&nbsp;&nbsp;&nbsp;setoperated
</UL>

<P><STRONG><a name="[195]"></a>getHrRage</STRONG> (Thumb, 56 bytes, Stack size 16 bytes, amh_common.o(.cwm_sec.common_aml.p0))
<BR><BR>[Stack]<UL><LI>Max Depth = 16<LI>Call Chain = getHrRage
</UL>
<BR>[Called By]<UL><LI><a href="#[192]">&gt;&gt;</a>&nbsp;&nbsp;&nbsp;calcHeartRateRange
<LI><a href="#[88]">&gt;&gt;</a>&nbsp;&nbsp;&nbsp;setoperated
</UL>

<P><STRONG><a name="[192]"></a>calcHeartRateRange</STRONG> (Thumb, 90 bytes, Stack size 16 bytes, amh_common.o(.cwm_sec.common_aml.p0))
<BR><BR>[Stack]<UL><LI>Max Depth = 32<LI>Call Chain = calcHeartRateRange &rArr; getHrRage
</UL>
<BR>[Calls]<UL><LI><a href="#[195]">&gt;&gt;</a>&nbsp;&nbsp;&nbsp;getHrRage
</UL>
<BR>[Called By]<UL><LI><a href="#[6d]">&gt;&gt;</a>&nbsp;&nbsp;&nbsp;amh_main_proc
</UL>

<P><STRONG><a name="[497]"></a>__asm___12_nrf_atomic_c_85ca2469__nrf_atomic_internal_mov</STRONG> (Thumb, 24 bytes, Stack size 0 bytes, nrf_atomic.o(.emb_text))
<BR><BR>[Called By]<UL><LI><a href="#[41c]">&gt;&gt;</a>&nbsp;&nbsp;&nbsp;nrf_atomic_u32_fetch_store
</UL>

<P><STRONG><a name="[498]"></a>__asm___12_nrf_atomic_c_85ca2469__nrf_atomic_internal_orr</STRONG> (Thumb, 26 bytes, Stack size 0 bytes, nrf_atomic.o(.emb_text))
<BR><BR>[Called By]<UL><LI><a href="#[494]">&gt;&gt;</a>&nbsp;&nbsp;&nbsp;nrf_atomic_u32_or
</UL>

<P><STRONG><a name="[496]"></a>__asm___12_nrf_atomic_c_85ca2469__nrf_atomic_internal_and</STRONG> (Thumb, 26 bytes, Stack size 0 bytes, nrf_atomic.o(.emb_text))
<BR><BR>[Called By]<UL><LI><a href="#[493]">&gt;&gt;</a>&nbsp;&nbsp;&nbsp;nrf_atomic_u32_fetch_and
</UL>

<P><STRONG><a name="[552]"></a>__asm___12_nrf_atomic_c_85ca2469__nrf_atomic_internal_eor</STRONG> (Thumb, 26 bytes, Stack size 0 bytes, nrf_atomic.o(.emb_text), UNUSED)

<P><STRONG><a name="[495]"></a>__asm___12_nrf_atomic_c_85ca2469__nrf_atomic_internal_add</STRONG> (Thumb, 26 bytes, Stack size 0 bytes, nrf_atomic.o(.emb_text))
<BR><BR>[Called By]<UL><LI><a href="#[3a9]">&gt;&gt;</a>&nbsp;&nbsp;&nbsp;nrf_atomic_u32_add
</UL>

<P><STRONG><a name="[49a]"></a>__asm___12_nrf_atomic_c_85ca2469__nrf_atomic_internal_sub</STRONG> (Thumb, 26 bytes, Stack size 0 bytes, nrf_atomic.o(.emb_text))
<BR><BR>[Called By]<UL><LI><a href="#[499]">&gt;&gt;</a>&nbsp;&nbsp;&nbsp;nrf_atomic_u32_sub
</UL>

<P><STRONG><a name="[553]"></a>__asm___12_nrf_atomic_c_85ca2469__nrf_atomic_internal_cmp_exch</STRONG> (Thumb, 42 bytes, Stack size 0 bytes, nrf_atomic.o(.emb_text), UNUSED)

<P><STRONG><a name="[554]"></a>__asm___12_nrf_atomic_c_85ca2469__nrf_atomic_internal_sub_hs</STRONG> (Thumb, 30 bytes, Stack size 0 bytes, nrf_atomic.o(.emb_text), UNUSED)

<P><STRONG><a name="[11]"></a>Reset_Handler</STRONG> (Thumb, 8 bytes, Stack size 0 bytes, arm_startup_nrf52840.o(.text))
<BR>[Address Reference Count : 1]<UL><LI> arm_startup_nrf52840.o(RESET)
</UL>
<P><STRONG><a name="[12]"></a>NMI_Handler</STRONG> (Thumb, 2 bytes, Stack size 0 bytes, arm_startup_nrf52840.o(.text))
<BR><BR>[Calls]<UL><LI><a href="#[12]">&gt;&gt;</a>&nbsp;&nbsp;&nbsp;NMI_Handler
</UL>
<BR>[Called By]<UL><LI><a href="#[12]">&gt;&gt;</a>&nbsp;&nbsp;&nbsp;NMI_Handler
</UL>
<BR>[Address Reference Count : 1]<UL><LI> arm_startup_nrf52840.o(RESET)
</UL>
<P><STRONG><a name="[13]"></a>HardFault_Handler</STRONG> (Thumb, 2 bytes, Stack size 0 bytes, arm_startup_nrf52840.o(.text))
<BR><BR>[Calls]<UL><LI><a href="#[13]">&gt;&gt;</a>&nbsp;&nbsp;&nbsp;HardFault_Handler
</UL>
<BR>[Called By]<UL><LI><a href="#[13]">&gt;&gt;</a>&nbsp;&nbsp;&nbsp;HardFault_Handler
</UL>
<BR>[Address Reference Count : 1]<UL><LI> arm_startup_nrf52840.o(RESET)
</UL>
<P><STRONG><a name="[14]"></a>MemoryManagement_Handler</STRONG> (Thumb, 2 bytes, Stack size 0 bytes, arm_startup_nrf52840.o(.text))
<BR><BR>[Calls]<UL><LI><a href="#[14]">&gt;&gt;</a>&nbsp;&nbsp;&nbsp;MemoryManagement_Handler
</UL>
<BR>[Called By]<UL><LI><a href="#[14]">&gt;&gt;</a>&nbsp;&nbsp;&nbsp;MemoryManagement_Handler
</UL>
<BR>[Address Reference Count : 1]<UL><LI> arm_startup_nrf52840.o(RESET)
</UL>
<P><STRONG><a name="[15]"></a>BusFault_Handler</STRONG> (Thumb, 2 bytes, Stack size 0 bytes, arm_startup_nrf52840.o(.text))
<BR><BR>[Calls]<UL><LI><a href="#[15]">&gt;&gt;</a>&nbsp;&nbsp;&nbsp;BusFault_Handler
</UL>
<BR>[Called By]<UL><LI><a href="#[15]">&gt;&gt;</a>&nbsp;&nbsp;&nbsp;BusFault_Handler
</UL>
<BR>[Address Reference Count : 1]<UL><LI> arm_startup_nrf52840.o(RESET)
</UL>
<P><STRONG><a name="[16]"></a>UsageFault_Handler</STRONG> (Thumb, 2 bytes, Stack size 0 bytes, arm_startup_nrf52840.o(.text))
<BR><BR>[Calls]<UL><LI><a href="#[16]">&gt;&gt;</a>&nbsp;&nbsp;&nbsp;UsageFault_Handler
</UL>
<BR>[Called By]<UL><LI><a href="#[16]">&gt;&gt;</a>&nbsp;&nbsp;&nbsp;UsageFault_Handler
</UL>
<BR>[Address Reference Count : 1]<UL><LI> arm_startup_nrf52840.o(RESET)
</UL>
<P><STRONG><a name="[17]"></a>SVC_Handler</STRONG> (Thumb, 2 bytes, Stack size 0 bytes, arm_startup_nrf52840.o(.text))
<BR><BR>[Calls]<UL><LI><a href="#[17]">&gt;&gt;</a>&nbsp;&nbsp;&nbsp;SVC_Handler
</UL>
<BR>[Called By]<UL><LI><a href="#[17]">&gt;&gt;</a>&nbsp;&nbsp;&nbsp;SVC_Handler
</UL>
<BR>[Address Reference Count : 1]<UL><LI> arm_startup_nrf52840.o(RESET)
</UL>
<P><STRONG><a name="[18]"></a>DebugMon_Handler</STRONG> (Thumb, 2 bytes, Stack size 0 bytes, arm_startup_nrf52840.o(.text))
<BR><BR>[Calls]<UL><LI><a href="#[18]">&gt;&gt;</a>&nbsp;&nbsp;&nbsp;DebugMon_Handler
</UL>
<BR>[Called By]<UL><LI><a href="#[18]">&gt;&gt;</a>&nbsp;&nbsp;&nbsp;DebugMon_Handler
</UL>
<BR>[Address Reference Count : 1]<UL><LI> arm_startup_nrf52840.o(RESET)
</UL>
<P><STRONG><a name="[19]"></a>PendSV_Handler</STRONG> (Thumb, 2 bytes, Stack size 0 bytes, arm_startup_nrf52840.o(.text))
<BR><BR>[Calls]<UL><LI><a href="#[19]">&gt;&gt;</a>&nbsp;&nbsp;&nbsp;PendSV_Handler
</UL>
<BR>[Called By]<UL><LI><a href="#[19]">&gt;&gt;</a>&nbsp;&nbsp;&nbsp;PendSV_Handler
</UL>
<BR>[Address Reference Count : 1]<UL><LI> arm_startup_nrf52840.o(RESET)
</UL>
<P><STRONG><a name="[1a]"></a>SysTick_Handler</STRONG> (Thumb, 2 bytes, Stack size 0 bytes, arm_startup_nrf52840.o(.text))
<BR><BR>[Calls]<UL><LI><a href="#[1a]">&gt;&gt;</a>&nbsp;&nbsp;&nbsp;SysTick_Handler
</UL>
<BR>[Called By]<UL><LI><a href="#[1a]">&gt;&gt;</a>&nbsp;&nbsp;&nbsp;SysTick_Handler
</UL>
<BR>[Address Reference Count : 1]<UL><LI> arm_startup_nrf52840.o(RESET)
</UL>
<P><STRONG><a name="[2a]"></a>CCM_AAR_IRQHandler</STRONG> (Thumb, 0 bytes, Stack size 0 bytes, arm_startup_nrf52840.o(.text))
<BR><BR>[Calls]<UL><LI><a href="#[2a]">&gt;&gt;</a>&nbsp;&nbsp;&nbsp;CCM_AAR_IRQHandler
</UL>
<BR>[Called By]<UL><LI><a href="#[2a]">&gt;&gt;</a>&nbsp;&nbsp;&nbsp;CCM_AAR_IRQHandler
</UL>
<BR>[Address Reference Count : 1]<UL><LI> arm_startup_nrf52840.o(RESET)
</UL>
<P><STRONG><a name="[2e]"></a>COMP_LPCOMP_IRQHandler</STRONG> (Thumb, 0 bytes, Stack size 0 bytes, arm_startup_nrf52840.o(.text))
<BR>[Address Reference Count : 1]<UL><LI> arm_startup_nrf52840.o(RESET)
</UL>
<P><STRONG><a name="[43]"></a>CRYPTOCELL_IRQHandler</STRONG> (Thumb, 0 bytes, Stack size 0 bytes, arm_startup_nrf52840.o(.text))
<BR>[Address Reference Count : 1]<UL><LI> arm_startup_nrf52840.o(RESET)
</UL>
<P><STRONG><a name="[29]"></a>ECB_IRQHandler</STRONG> (Thumb, 0 bytes, Stack size 0 bytes, arm_startup_nrf52840.o(.text))
<BR>[Address Reference Count : 1]<UL><LI> arm_startup_nrf52840.o(RESET)
</UL>
<P><STRONG><a name="[3f]"></a>FPU_IRQHandler</STRONG> (Thumb, 0 bytes, Stack size 0 bytes, arm_startup_nrf52840.o(.text))
<BR>[Address Reference Count : 1]<UL><LI> arm_startup_nrf52840.o(RESET)
</UL>
<P><STRONG><a name="[3e]"></a>I2S_IRQHandler</STRONG> (Thumb, 0 bytes, Stack size 0 bytes, arm_startup_nrf52840.o(.text))
<BR>[Address Reference Count : 1]<UL><LI> arm_startup_nrf52840.o(RESET)
</UL>
<P><STRONG><a name="[39]"></a>MWU_IRQHandler</STRONG> (Thumb, 0 bytes, Stack size 0 bytes, arm_startup_nrf52840.o(.text))
<BR>[Address Reference Count : 1]<UL><LI> arm_startup_nrf52840.o(RESET)
</UL>
<P><STRONG><a name="[20]"></a>NFCT_IRQHandler</STRONG> (Thumb, 0 bytes, Stack size 0 bytes, arm_startup_nrf52840.o(.text))
<BR>[Address Reference Count : 1]<UL><LI> arm_startup_nrf52840.o(RESET)
</UL>
<P><STRONG><a name="[38]"></a>PDM_IRQHandler</STRONG> (Thumb, 0 bytes, Stack size 0 bytes, arm_startup_nrf52840.o(.text))
<BR>[Address Reference Count : 1]<UL><LI> arm_startup_nrf52840.o(RESET)
</UL>
<P><STRONG><a name="[37]"></a>PWM0_IRQHandler</STRONG> (Thumb, 0 bytes, Stack size 0 bytes, arm_startup_nrf52840.o(.text))
<BR>[Address Reference Count : 1]<UL><LI> arm_startup_nrf52840.o(RESET)
</UL>
<P><STRONG><a name="[3a]"></a>PWM1_IRQHandler</STRONG> (Thumb, 0 bytes, Stack size 0 bytes, arm_startup_nrf52840.o(.text))
<BR>[Address Reference Count : 1]<UL><LI> arm_startup_nrf52840.o(RESET)
</UL>
<P><STRONG><a name="[3b]"></a>PWM2_IRQHandler</STRONG> (Thumb, 0 bytes, Stack size 0 bytes, arm_startup_nrf52840.o(.text))
<BR>[Address Reference Count : 1]<UL><LI> arm_startup_nrf52840.o(RESET)
</UL>
<P><STRONG><a name="[44]"></a>PWM3_IRQHandler</STRONG> (Thumb, 0 bytes, Stack size 0 bytes, arm_startup_nrf52840.o(.text))
<BR>[Address Reference Count : 1]<UL><LI> arm_startup_nrf52840.o(RESET)
</UL>
<P><STRONG><a name="[2d]"></a>QDEC_IRQHandler</STRONG> (Thumb, 0 bytes, Stack size 0 bytes, arm_startup_nrf52840.o(.text))
<BR>[Address Reference Count : 1]<UL><LI> arm_startup_nrf52840.o(RESET)
</UL>
<P><STRONG><a name="[42]"></a>QSPI_IRQHandler</STRONG> (Thumb, 0 bytes, Stack size 0 bytes, arm_startup_nrf52840.o(.text))
<BR>[Address Reference Count : 1]<UL><LI> arm_startup_nrf52840.o(RESET)
</UL>
<P><STRONG><a name="[1c]"></a>RADIO_IRQHandler</STRONG> (Thumb, 0 bytes, Stack size 0 bytes, arm_startup_nrf52840.o(.text))
<BR>[Address Reference Count : 1]<UL><LI> arm_startup_nrf52840.o(RESET)
</UL>
<P><STRONG><a name="[28]"></a>RNG_IRQHandler</STRONG> (Thumb, 0 bytes, Stack size 0 bytes, arm_startup_nrf52840.o(.text))
<BR>[Address Reference Count : 1]<UL><LI> arm_startup_nrf52840.o(RESET)
</UL>
<P><STRONG><a name="[3d]"></a>RTC2_IRQHandler</STRONG> (Thumb, 0 bytes, Stack size 0 bytes, arm_startup_nrf52840.o(.text))
<BR>[Address Reference Count : 1]<UL><LI> arm_startup_nrf52840.o(RESET)
</UL>
<P><STRONG><a name="[22]"></a>SAADC_IRQHandler</STRONG> (Thumb, 0 bytes, Stack size 0 bytes, arm_startup_nrf52840.o(.text))
<BR>[Address Reference Count : 1]<UL><LI> arm_startup_nrf52840.o(RESET)
</UL>
<P><STRONG><a name="[3c]"></a>SPIM2_SPIS2_SPI2_IRQHandler</STRONG> (Thumb, 0 bytes, Stack size 0 bytes, arm_startup_nrf52840.o(.text))
<BR>[Address Reference Count : 1]<UL><LI> arm_startup_nrf52840.o(RESET)
</UL>
<P><STRONG><a name="[45]"></a>SPIM3_IRQHandler</STRONG> (Thumb, 0 bytes, Stack size 0 bytes, arm_startup_nrf52840.o(.text))
<BR>[Address Reference Count : 1]<UL><LI> arm_startup_nrf52840.o(RESET)
</UL>
<P><STRONG><a name="[30]"></a>SWI1_EGU1_IRQHandler</STRONG> (Thumb, 0 bytes, Stack size 0 bytes, arm_startup_nrf52840.o(.text))
<BR>[Address Reference Count : 1]<UL><LI> arm_startup_nrf52840.o(RESET)
</UL>
<P><STRONG><a name="[31]"></a>SWI2_EGU2_IRQHandler</STRONG> (Thumb, 0 bytes, Stack size 0 bytes, arm_startup_nrf52840.o(.text))
<BR>[Address Reference Count : 1]<UL><LI> arm_startup_nrf52840.o(RESET)
</UL>
<P><STRONG><a name="[32]"></a>SWI3_EGU3_IRQHandler</STRONG> (Thumb, 0 bytes, Stack size 0 bytes, arm_startup_nrf52840.o(.text))
<BR>[Address Reference Count : 1]<UL><LI> arm_startup_nrf52840.o(RESET)
</UL>
<P><STRONG><a name="[33]"></a>SWI4_EGU4_IRQHandler</STRONG> (Thumb, 0 bytes, Stack size 0 bytes, arm_startup_nrf52840.o(.text))
<BR>[Address Reference Count : 1]<UL><LI> arm_startup_nrf52840.o(RESET)
</UL>
<P><STRONG><a name="[34]"></a>SWI5_EGU5_IRQHandler</STRONG> (Thumb, 0 bytes, Stack size 0 bytes, arm_startup_nrf52840.o(.text))
<BR>[Address Reference Count : 1]<UL><LI> arm_startup_nrf52840.o(RESET)
</UL>
<P><STRONG><a name="[27]"></a>TEMP_IRQHandler</STRONG> (Thumb, 0 bytes, Stack size 0 bytes, arm_startup_nrf52840.o(.text))
<BR>[Address Reference Count : 1]<UL><LI> arm_startup_nrf52840.o(RESET)
</UL>
[...]
</UL>
<BR>[Called By]<UL><LI><a href="#[275]">&gt;&gt;</a>&nbsp;&nbsp;&nbsp;SaveSleepOutput
<LI><a href="#[27c]">&gt;&gt;</a>&nbsp;&nbsp;&nbsp;OutputStartSleepTime
</UL>

<P><STRONG><a name="[2da]"></a>SedenActDebugLogs</STRONG> (Thumb, 268 bytes, Stack size 168 bytes, cwm_sedentary_activity.o(i.SedenActDebugLogs))
<BR><BR>[Stack]<UL><LI>Max Depth = 480<LI>Call Chain = SedenActDebugLogs &rArr; algo_log &rArr; vsnprintf
</UL>
<BR>[Calls]<UL><LI><a href="#[147]">&gt;&gt;</a>&nbsp;&nbsp;&nbsp;__aeabi_f2d
<LI><a href="#[228]">&gt;&gt;</a>&nbsp;&nbsp;&nbsp;cwm_sqrt
<LI><a href="#[1b3]">&gt;&gt;</a>&nbsp;&nbsp;&nbsp;algo_log
</UL>
<BR>[Called By]<UL><LI><a href="#[2d9]">&gt;&gt;</a>&nbsp;&nbsp;&nbsp;cwm_sedentary_activity
</UL>

<P><STRONG><a name="[292]"></a>SetStartInitTime</STRONG> (Thumb, 48 bytes, Stack size 16 bytes, cwm_sedentary_activity.o(i.SetStartInitTime))
<BR><BR>[Stack]<UL><LI>Max Depth = 328<LI>Call Chain = SetStartInitTime &rArr; algo_log &rArr; vsnprintf
</UL>
<BR>[Calls]<UL><LI><a href="#[1b3]">&gt;&gt;</a>&nbsp;&nbsp;&nbsp;algo_log
</UL>
<BR>[Called By]<UL><LI><a href="#[2e9]">&gt;&gt;</a>&nbsp;&nbsp;&nbsp;UpdateStartSleepInitTime
<LI><a href="#[291]">&gt;&gt;</a>&nbsp;&nbsp;&nbsp;IsSleepCondition
</UL>

<P><STRONG><a name="[273]"></a>SetStatusProportion</STRONG> (Thumb, 210 bytes, Stack size 144 bytes, cwm_sedentary_activity.o(i.SetStatusProportion))
<BR><BR>[Stack]<UL><LI>Max Depth = 456<LI>Call Chain = SetStatusProportion &rArr; algo_log &rArr; vsnprintf
</UL>
<BR>[Calls]<UL><LI><a href="#[147]">&gt;&gt;</a>&nbsp;&nbsp;&nbsp;__aeabi_f2d
<LI><a href="#[1b3]">&gt;&gt;</a>&nbsp;&nbsp;&nbsp;algo_log
<LI><a href="#[15c]">&gt;&gt;</a>&nbsp;&nbsp;&nbsp;__aeabi_memcpy4
</UL>
<BR>[Called By]<UL><LI><a href="#[272]">&gt;&gt;</a>&nbsp;&nbsp;&nbsp;HandleLightDeepTime
</UL>

<P><STRONG><a name="[295]"></a>SetStopInitTime</STRONG> (Thumb, 56 bytes, Stack size 16 bytes, cwm_sedentary_activity.o(i.SetStopInitTime))
<BR><BR>[Stack]<UL><LI>Max Depth = 328<LI>Call Chain = SetStopInitTime &rArr; algo_log &rArr; vsnprintf
</UL>
<BR>[Calls]<UL><LI><a href="#[1b3]">&gt;&gt;</a>&nbsp;&nbsp;&nbsp;algo_log
</UL>
<BR>[Called By]<UL><LI><a href="#[294]">&gt;&gt;</a>&nbsp;&nbsp;&nbsp;IsWakeCondition
</UL>

<P><STRONG><a name="[285]"></a>StageREMbyHeartRate</STRONG> (Thumb, 614 bytes, Stack size 64 bytes, cwm_sedentary_activity.o(i.StageREMbyHeartRate))
<BR><BR>[Stack]<UL><LI>Max Depth = 448<LI>Call Chain = StageREMbyHeartRate &rArr; SaveSleepOutput &rArr; SaveSleepOutputTime &rArr; algo_log &rArr; vsnprintf
</UL>
<BR>[Calls]<UL><LI><a href="#[1b3]">&gt;&gt;</a>&nbsp;&nbsp;&nbsp;algo_log
<LI><a href="#[275]">&gt;&gt;</a>&nbsp;&nbsp;&nbsp;SaveSleepOutput
<LI><a href="#[220]">&gt;&gt;</a>&nbsp;&nbsp;&nbsp;CheckGapTime
</UL>
<BR>[Called By]<UL><LI><a href="#[284]">&gt;&gt;</a>&nbsp;&nbsp;&nbsp;HandleSleepStatus
</UL>

<P><STRONG><a name="[2de]"></a>SyncLowActivityToScore</STRONG> (Thumb, 226 bytes, Stack size 16 bytes, cwm_sedentary_activity.o(i.SyncLowActivityToScore))
<BR><BR>[Stack]<UL><LI>Max Depth = 16<LI>Call Chain = SyncLowActivityToScore
</UL>
<BR>[Calls]<UL><LI><a href="#[198]">&gt;&gt;</a>&nbsp;&nbsp;&nbsp;__aeabi_memset
</UL>
<BR>[Called By]<UL><LI><a href="#[2d9]">&gt;&gt;</a>&nbsp;&nbsp;&nbsp;cwm_sedentary_activity
</UL>

<P><STRONG><a name="[2e9]"></a>UpdateStartSleepInitTime</STRONG> (Thumb, 300 bytes, Stack size 32 bytes, cwm_sedentary_activity.o(i.UpdateStartSleepInitTime))
<BR><BR>[Stack]<UL><LI>Max Depth = 360<LI>Call Chain = UpdateStartSleepInitTime &rArr; SetStartInitTime &rArr; algo_log &rArr; vsnprintf
</UL>
<BR>[Calls]<UL><LI><a href="#[1b3]">&gt;&gt;</a>&nbsp;&nbsp;&nbsp;algo_log
<LI><a href="#[292]">&gt;&gt;</a>&nbsp;&nbsp;&nbsp;SetStartInitTime
</UL>
<BR>[Called By]<UL><LI><a href="#[2d9]">&gt;&gt;</a>&nbsp;&nbsp;&nbsp;cwm_sedentary_activity
</UL>

<P><STRONG><a name="[3e9]"></a>basic_statistic_info_reset</STRONG> (Thumb, 12 bytes, Stack size 0 bytes, cwm_biking.o(i.basic_statistic_info_reset))
<BR><BR>[Called By]<UL><LI><a href="#[1b7]">&gt;&gt;</a>&nbsp;&nbsp;&nbsp;cwm_biking
</UL>

<P><STRONG><a name="[394]"></a>biking_acc_stability</STRONG> (Thumb, 316 bytes, Stack size 48 bytes, cwm_biking.o(i.biking_acc_stability))
<BR><BR>[Stack]<UL><LI>Max Depth = 64<LI>Call Chain = biking_acc_stability &rArr; cwm_get_statics_std_float &rArr; cwm_sqrt &rArr; __hardfp_sqrtf
</UL>
<BR>[Calls]<UL><LI><a href="#[397]">&gt;&gt;</a>&nbsp;&nbsp;&nbsp;init_cwm_mean_variance_float
<LI><a href="#[395]">&gt;&gt;</a>&nbsp;&nbsp;&nbsp;cwm_statics_data_update_float
<LI><a href="#[396]">&gt;&gt;</a>&nbsp;&nbsp;&nbsp;cwm_get_statics_std_float
<LI><a href="#[398]">&gt;&gt;</a>&nbsp;&nbsp;&nbsp;code_update
</UL>
<BR>[Called By]<UL><LI><a href="#[3eb]">&gt;&gt;</a>&nbsp;&nbsp;&nbsp;stability_event_update
</UL>

<P><STRONG><a name="[399]"></a>biking_temp_update</STRONG> (Thumb, 436 bytes, Stack size 40 bytes, cwm_biking.o(i.biking_temp_update))
<BR><BR>[Stack]<UL><LI>Max Depth = 56<LI>Call Chain = biking_temp_update &rArr; cwm_sqrt &rArr; __hardfp_sqrtf
</UL>
<BR>[Calls]<UL><LI><a href="#[228]">&gt;&gt;</a>&nbsp;&nbsp;&nbsp;cwm_sqrt
<LI><a href="#[14a]">&gt;&gt;</a>&nbsp;&nbsp;&nbsp;__aeabi_memclr4
<LI><a href="#[15c]">&gt;&gt;</a>&nbsp;&nbsp;&nbsp;__aeabi_memcpy4
</UL>
<BR>[Called By]<UL><LI><a href="#[1b7]">&gt;&gt;</a>&nbsp;&nbsp;&nbsp;cwm_biking
</UL>

<P><STRONG><a name="[3b3]"></a>check_biking_input</STRONG> (Thumb, 90 bytes, Stack size 16 bytes, cwm_biking.o(i.check_biking_input))
<BR><BR>[Stack]<UL><LI>Max Depth = 72<LI>Call Chain = check_biking_input &rArr; check_biking_input_setting &rArr; cwm_sqrt &rArr; __hardfp_sqrtf
</UL>
<BR>[Calls]<UL><LI><a href="#[3b4]">&gt;&gt;</a>&nbsp;&nbsp;&nbsp;check_biking_input_setting
<LI><a href="#[398]">&gt;&gt;</a>&nbsp;&nbsp;&nbsp;code_update
</UL>
<BR>[Called By]<UL><LI><a href="#[1b7]">&gt;&gt;</a>&nbsp;&nbsp;&nbsp;cwm_biking
</UL>

<P><STRONG><a name="[3b4]"></a>check_biking_input_setting</STRONG> (Thumb, 250 bytes, Stack size 40 bytes, cwm_biking.o(i.check_biking_input_setting))
<BR><BR>[Stack]<UL><LI>Max Depth = 56<LI>Call Chain = check_biking_input_setting &rArr; cwm_sqrt &rArr; __hardfp_sqrtf
</UL>
<BR>[Calls]<UL><LI><a href="#[228]">&gt;&gt;</a>&nbsp;&nbsp;&nbsp;cwm_sqrt
<LI><a href="#[1b2]">&gt;&gt;</a>&nbsp;&nbsp;&nbsp;cwm_fabs
</UL>
<BR>[Called By]<UL><LI><a href="#[3b3]">&gt;&gt;</a>&nbsp;&nbsp;&nbsp;check_biking_input
</UL>

<P><STRONG><a name="[3c3]"></a>clone_biking_output</STRONG> (Thumb, 518 bytes, Stack size 40 bytes, cwm_biking.o(i.clone_biking_output))
<BR><BR>[Stack]<UL><LI>Max Depth = 128<LI>Call Chain = clone_biking_output &rArr; __aeabi_dmul &rArr; _double_epilogue &rArr; _double_round
</UL>
<BR>[Calls]<UL><LI><a href="#[147]">&gt;&gt;</a>&nbsp;&nbsp;&nbsp;__aeabi_f2d
<LI><a href="#[1a0]">&gt;&gt;</a>&nbsp;&nbsp;&nbsp;__aeabi_dmul
<LI><a href="#[25f]">&gt;&gt;</a>&nbsp;&nbsp;&nbsp;cwm_calAvgMaxMin
<LI><a href="#[1b2]">&gt;&gt;</a>&nbsp;&nbsp;&nbsp;cwm_fabs
<LI><a href="#[15c]">&gt;&gt;</a>&nbsp;&nbsp;&nbsp;__aeabi_memcpy4
<LI><a href="#[1a7]">&gt;&gt;</a>&nbsp;&nbsp;&nbsp;__aeabi_d2f
</UL>
<BR>[Called By]<UL><LI><a href="#[1b7]">&gt;&gt;</a>&nbsp;&nbsp;&nbsp;cwm_biking
</UL>

<P><STRONG><a name="[43f]"></a>gps_speed_stability</STRONG> (Thumb, 96 bytes, Stack size 16 bytes, cwm_biking.o(i.gps_speed_stability))
<BR><BR>[Stack]<UL><LI>Max Depth = 28<LI>Call Chain = gps_speed_stability &rArr; code_update
</UL>
<BR>[Calls]<UL><LI><a href="#[398]">&gt;&gt;</a>&nbsp;&nbsp;&nbsp;code_update
</UL>
<BR>[Called By]<UL><LI><a href="#[3eb]">&gt;&gt;</a>&nbsp;&nbsp;&nbsp;stability_event_update
</UL>

<P><STRONG><a name="[3ed]"></a>mem_elevation_output_update</STRONG> (Thumb, 198 bytes, Stack size 24 bytes, cwm_biking.o(i.mem_elevation_output_update))
<BR><BR>[Stack]<UL><LI>Max Depth = 24<LI>Call Chain = mem_elevation_output_update
</UL>
<BR>[Calls]<UL><LI><a href="#[1b2]">&gt;&gt;</a>&nbsp;&nbsp;&nbsp;cwm_fabs
</UL>
<BR>[Called By]<UL><LI><a href="#[1b7]">&gt;&gt;</a>&nbsp;&nbsp;&nbsp;cwm_biking
</UL>

<P><STRONG><a name="[3ec]"></a>mem_gps_output_update</STRONG> (Thumb, 256 bytes, Stack size 56 bytes, cwm_biking.o(i.mem_gps_output_update))
<BR><BR>[Stack]<UL><LI>Max Depth = 88<LI>Call Chain = mem_gps_output_update &rArr; cwm_rolling_statistic_info_update &rArr; cwm_sqrt &rArr; __hardfp_sqrtf
</UL>
<BR>[Calls]<UL><LI><a href="#[25f]">&gt;&gt;</a>&nbsp;&nbsp;&nbsp;cwm_calAvgMaxMin
<LI><a href="#[3ea]">&gt;&gt;</a>&nbsp;&nbsp;&nbsp;cwm_rolling_statistic_reset
<LI><a href="#[3f5]">&gt;&gt;</a>&nbsp;&nbsp;&nbsp;cwm_rolling_statistic_info_update
<LI><a href="#[15c]">&gt;&gt;</a>&nbsp;&nbsp;&nbsp;__aeabi_memcpy4
</UL>
<BR>[Called By]<UL><LI><a href="#[1b7]">&gt;&gt;</a>&nbsp;&nbsp;&nbsp;cwm_biking
</UL>

<P><STRONG><a name="[3ef]"></a>mem_metabolism_output_update</STRONG> (Thumb, 180 bytes, Stack size 8 bytes, cwm_biking.o(i.mem_metabolism_output_update))
<BR><BR>[Stack]<UL><LI>Max Depth = 8<LI>Call Chain = mem_metabolism_output_update
</UL>
<BR>[Calls]<UL><LI><a href="#[25f]">&gt;&gt;</a>&nbsp;&nbsp;&nbsp;cwm_calAvgMaxMin
</UL>
<BR>[Called By]<UL><LI><a href="#[1b7]">&gt;&gt;</a>&nbsp;&nbsp;&nbsp;cwm_biking
</UL>

<P><STRONG><a name="[3ee]"></a>metabolism_event_update</STRONG> (Thumb, 258 bytes, Stack size 56 bytes, cwm_biking.o(i.metabolism_event_update))
<BR><BR>[Stack]<UL><LI>Max Depth = 440<LI>Call Chain = metabolism_event_update &rArr; cwm_metabolism &rArr; MetabolismInputCheck &rArr; algo_log &rArr; vsnprintf
</UL>
<BR>[Calls]<UL><LI><a href="#[1a3]">&gt;&gt;</a>&nbsp;&nbsp;&nbsp;__aeabi_i2d
<LI><a href="#[3bc]">&gt;&gt;</a>&nbsp;&nbsp;&nbsp;cwm_abs
<LI><a href="#[48d]">&gt;&gt;</a>&nbsp;&nbsp;&nbsp;speed2biking_mets_code
<LI><a href="#[398]">&gt;&gt;</a>&nbsp;&nbsp;&nbsp;code_update
<LI><a href="#[25e]">&gt;&gt;</a>&nbsp;&nbsp;&nbsp;cwm_metabolism
<LI><a href="#[1a6]">&gt;&gt;</a>&nbsp;&nbsp;&nbsp;__aeabi_d2iz
</UL>
<BR>[Called By]<UL><LI><a href="#[1b7]">&gt;&gt;</a>&nbsp;&nbsp;&nbsp;cwm_biking
</UL>

<P><STRONG><a name="[48d]"></a>speed2biking_mets_code</STRONG> (Thumb, 282 bytes, Stack size 72 bytes, cwm_biking.o(i.speed2biking_mets_code))
<BR><BR>[Stack]<UL><LI>Max Depth = 72<LI>Call Chain = speed2biking_mets_code
</UL>
<BR>[Calls]<UL><LI><a href="#[15c]">&gt;&gt;</a>&nbsp;&nbsp;&nbsp;__aeabi_memcpy4
</UL>
<BR>[Called By]<UL><LI><a href="#[3ee]">&gt;&gt;</a>&nbsp;&nbsp;&nbsp;metabolism_event_update
</UL>

<P><STRONG><a name="[3eb]"></a>stability_event_update</STRONG> (Thumb, 150 bytes, Stack size 32 bytes, cwm_biking.o(i.stability_event_update))
<BR><BR>[Stack]<UL><LI>Max Depth = 96<LI>Call Chain = stability_event_update &rArr; biking_acc_stability &rArr; cwm_get_statics_std_float &rArr; cwm_sqrt &rArr; __hardfp_sqrtf
</UL>
<BR>[Calls]<UL><LI><a href="#[43f]">&gt;&gt;</a>&nbsp;&nbsp;&nbsp;gps_speed_stability
<LI><a href="#[394]">&gt;&gt;</a>&nbsp;&nbsp;&nbsp;biking_acc_stability
<LI><a href="#[398]">&gt;&gt;</a>&nbsp;&nbsp;&nbsp;code_update
</UL>
<BR>[Called By]<UL><LI><a href="#[1b7]">&gt;&gt;</a>&nbsp;&nbsp;&nbsp;cwm_biking
</UL>

<P><STRONG><a name="[3b5]"></a>check_elevation_estimation_input</STRONG> (Thumb, 90 bytes, Stack size 48 bytes, cwm_elevation_estimation.o(i.check_elevation_estimation_input))
<BR><BR>[Stack]<UL><LI>Max Depth = 136<LI>Call Chain = check_elevation_estimation_input &rArr; check_sensor_inputs &rArr; input_data_valid_check
</UL>
<BR>[Calls]<UL><LI><a href="#[398]">&gt;&gt;</a>&nbsp;&nbsp;&nbsp;code_update
<LI><a href="#[3b6]">&gt;&gt;</a>&nbsp;&nbsp;&nbsp;input_data_valid_check
<LI><a href="#[3b7]">&gt;&gt;</a>&nbsp;&nbsp;&nbsp;check_sensor_inputs
</UL>
<BR>[Called By]<UL><LI><a href="#[243]">&gt;&gt;</a>&nbsp;&nbsp;&nbsp;cwm_elevation_estimation
</UL>

<P><STRONG><a name="[3b7]"></a>check_sensor_inputs</STRONG> (Thumb, 118 bytes, Stack size 56 bytes, cwm_elevation_estimation.o(i.check_sensor_inputs))
<BR><BR>[Stack]<UL><LI>Max Depth = 88<LI>Call Chain = check_sensor_inputs &rArr; input_data_valid_check
</UL>
<BR>[Calls]<UL><LI><a href="#[3b6]">&gt;&gt;</a>&nbsp;&nbsp;&nbsp;input_data_valid_check
</UL>
<BR>[Called By]<UL><LI><a href="#[3b5]">&gt;&gt;</a>&nbsp;&nbsp;&nbsp;check_elevation_estimation_input
</UL>

<P><STRONG><a name="[3f4]"></a>clone_elevation_estimation_output</STRONG> (Thumb, 102 bytes, Stack size 0 bytes, cwm_elevation_estimation.o(i.clone_elevation_estimation_output))
<BR><BR>[Called By]<UL><LI><a href="#[243]">&gt;&gt;</a>&nbsp;&nbsp;&nbsp;cwm_elevation_estimation
</UL>

<P><STRONG><a name="[3f6]"></a>elevation_estimation_update</STRONG> (Thumb, 228 bytes, Stack size 128 bytes, cwm_elevation_estimation.o(i.elevation_estimation_update))
<BR><BR>[Stack]<UL><LI>Max Depth = 264<LI>Call Chain = elevation_estimation_update &rArr; elevation_update &rArr; slope_angle_update &rArr; cwm_atan2 &rArr; __hardfp_atan2f
</UL>
<BR>[Calls]<UL><LI><a href="#[398]">&gt;&gt;</a>&nbsp;&nbsp;&nbsp;code_update
<LI><a href="#[3b6]">&gt;&gt;</a>&nbsp;&nbsp;&nbsp;input_data_valid_check
<LI><a href="#[423]">&gt;&gt;</a>&nbsp;&nbsp;&nbsp;elevation_update
</UL>
<BR>[Called By]<UL><LI><a href="#[243]">&gt;&gt;</a>&nbsp;&nbsp;&nbsp;cwm_elevation_estimation
</UL>

<P><STRONG><a name="[423]"></a>elevation_update</STRONG> (Thumb, 374 bytes, Stack size 72 bytes, cwm_elevation_estimation.o(i.elevation_update))
<BR><BR>[Stack]<UL><LI>Max Depth = 136<LI>Call Chain = elevation_update &rArr; slope_angle_update &rArr; cwm_atan2 &rArr; __hardfp_atan2f
</UL>
<BR>[Calls]<UL><LI><a href="#[228]">&gt;&gt;</a>&nbsp;&nbsp;&nbsp;cwm_sqrt
<LI><a href="#[1b2]">&gt;&gt;</a>&nbsp;&nbsp;&nbsp;cwm_fabs
<LI><a href="#[397]">&gt;&gt;</a>&nbsp;&nbsp;&nbsp;init_cwm_mean_variance_float
<LI><a href="#[395]">&gt;&gt;</a>&nbsp;&nbsp;&nbsp;cwm_statics_data_update_float
<LI><a href="#[3f5]">&gt;&gt;</a>&nbsp;&nbsp;&nbsp;cwm_rolling_statistic_info_update
<LI><a href="#[245]">&gt;&gt;</a>&nbsp;&nbsp;&nbsp;cwm_xlnSmall
<LI><a href="#[425]">&gt;&gt;</a>&nbsp;&nbsp;&nbsp;slope_update
<LI><a href="#[424]">&gt;&gt;</a>&nbsp;&nbsp;&nbsp;slope_angle_update
</UL>
<BR>[Called By]<UL><LI><a href="#[3f6]">&gt;&gt;</a>&nbsp;&nbsp;&nbsp;elevation_estimation_update
</UL>

<P><STRONG><a name="[424]"></a>slope_angle_update</STRONG> (Thumb, 178 bytes, Stack size 32 bytes, cwm_elevation_estimation.o(i.slope_angle_update))
<BR><BR>[Stack]<UL><LI>Max Depth = 64<LI>Call Chain = slope_angle_update &rArr; cwm_atan2 &rArr; __hardfp_atan2f
</UL>
<BR>[Calls]<UL><LI><a href="#[3e8]">&gt;&gt;</a>&nbsp;&nbsp;&nbsp;cwm_atan2
<LI><a href="#[1b2]">&gt;&gt;</a>&nbsp;&nbsp;&nbsp;cwm_fabs
</UL>
<BR>[Called By]<UL><LI><a href="#[423]">&gt;&gt;</a>&nbsp;&nbsp;&nbsp;elevation_update
</UL>

<P><STRONG><a name="[425]"></a>slope_update</STRONG> (Thumb, 126 bytes, Stack size 24 bytes, cwm_elevation_estimation.o(i.slope_update))
<BR><BR>[Stack]<UL><LI>Max Depth = 24<LI>Call Chain = slope_update
</UL>
<BR>[Calls]<UL><LI><a href="#[1b2]">&gt;&gt;</a>&nbsp;&nbsp;&nbsp;cwm_fabs
</UL>
<BR>[Called By]<UL><LI><a href="#[423]">&gt;&gt;</a>&nbsp;&nbsp;&nbsp;elevation_update
</UL>

<P><STRONG><a name="[1c4]"></a>AccumuLongTermActType</STRONG> (Thumb, 168 bytes, Stack size 16 bytes, cwm_activity_alert.o(i.AccumuLongTermActType))
<BR><BR>[Stack]<UL><LI>Max Depth = 16<LI>Call Chain = AccumuLongTermActType
</UL>
<BR>[Called By]<UL><LI><a href="#[1c3]">&gt;&gt;</a>&nbsp;&nbsp;&nbsp;ActivityAlertVoting
</UL>

<P><STRONG><a name="[1c3]"></a>ActivityAlertVoting</STRONG> (Thumb, 118 bytes, Stack size 16 bytes, cwm_activity_alert.o(i.ActivityAlertVoting))
<BR><BR>[Stack]<UL><LI>Max Depth = 52<LI>Call Chain = ActivityAlertVoting &rArr; DecideHandType &rArr; GetMaxValueIndex
</UL>
<BR>[Calls]<UL><LI><a href="#[14a]">&gt;&gt;</a>&nbsp;&nbsp;&nbsp;__aeabi_memclr4
<LI><a href="#[1c5]">&gt;&gt;</a>&nbsp;&nbsp;&nbsp;GetMaxValueIndex
<LI><a href="#[1c6]">&gt;&gt;</a>&nbsp;&nbsp;&nbsp;DecideHandType
<LI><a href="#[1c4]">&gt;&gt;</a>&nbsp;&nbsp;&nbsp;AccumuLongTermActType
</UL>
<BR>[Called By]<UL><LI><a href="#[1bb]">&gt;&gt;</a>&nbsp;&nbsp;&nbsp;cwm_activity_alert
</UL>

<P><STRONG><a name="[1ca]"></a>AlertCheckEvent</STRONG> (Thumb, 198 bytes, Stack size 56 bytes, cwm_activity_alert.o(i.AlertCheckEvent))
<BR><BR>[Stack]<UL><LI>Max Depth = 56<LI>Call Chain = AlertCheckEvent
</UL>
<BR>[Calls]<UL><LI><a href="#[1cb]">&gt;&gt;</a>&nbsp;&nbsp;&nbsp;cwm_inRange
<LI><a href="#[14a]">&gt;&gt;</a>&nbsp;&nbsp;&nbsp;__aeabi_memclr4
</UL>
<BR>[Called By]<UL><LI><a href="#[1bb]">&gt;&gt;</a>&nbsp;&nbsp;&nbsp;cwm_activity_alert
</UL>

<P><STRONG><a name="[1c6]"></a>DecideHandType</STRONG> (Thumb, 124 bytes, Stack size 24 bytes, cwm_activity_alert.o(i.DecideHandType))
<BR><BR>[Stack]<UL><LI>Max Depth = 36<LI>Call Chain = DecideHandType &rArr; GetMaxValueIndex
</UL>
<BR>[Calls]<UL><LI><a href="#[14a]">&gt;&gt;</a>&nbsp;&nbsp;&nbsp;__aeabi_memclr4
<LI><a href="#[1c5]">&gt;&gt;</a>&nbsp;&nbsp;&nbsp;GetMaxValueIndex
</UL>
<BR>[Called By]<UL><LI><a href="#[1c3]">&gt;&gt;</a>&nbsp;&nbsp;&nbsp;ActivityAlertVoting
</UL>

<P><STRONG><a name="[1c5]"></a>GetMaxValueIndex</STRONG> (Thumb, 32 bytes, Stack size 12 bytes, cwm_activity_alert.o(i.GetMaxValueIndex))
<BR><BR>[Stack]<UL><LI>Max Depth = 12<LI>Call Chain = GetMaxValueIndex
</UL>
<BR>[Called By]<UL><LI><a href="#[1c6]">&gt;&gt;</a>&nbsp;&nbsp;&nbsp;DecideHandType
<LI><a href="#[1c3]">&gt;&gt;</a>&nbsp;&nbsp;&nbsp;ActivityAlertVoting
</UL>

<P><STRONG><a name="[3dd]"></a>GetRideInterval</STRONG> (Thumb, 122 bytes, Stack size 12 bytes, cwm_activity_alert.o(i.GetRideInterval))
<BR><BR>[Stack]<UL><LI>Max Depth = 12<LI>Call Chain = GetRideInterval
</UL>
<BR>[Called By]<UL><LI><a href="#[1bb]">&gt;&gt;</a>&nbsp;&nbsp;&nbsp;cwm_activity_alert
</UL>

<P><STRONG><a name="[308]"></a>_fp_digits</STRONG> (Thumb, 366 bytes, Stack size 64 bytes, printfa.o(i._fp_digits), UNUSED)
<BR><BR>[Calls]<UL><LI><a href="#[1a0]">&gt;&gt;</a>&nbsp;&nbsp;&nbsp;__aeabi_dmul
<LI><a href="#[227]">&gt;&gt;</a>&nbsp;&nbsp;&nbsp;__aeabi_cdrcmple
<LI><a href="#[1a1]">&gt;&gt;</a>&nbsp;&nbsp;&nbsp;__aeabi_ddiv
<LI><a href="#[19a]">&gt;&gt;</a>&nbsp;&nbsp;&nbsp;__aeabi_dadd
<LI><a href="#[146]">&gt;&gt;</a>&nbsp;&nbsp;&nbsp;__aeabi_uldivmod
<LI><a href="#[1a9]">&gt;&gt;</a>&nbsp;&nbsp;&nbsp;__aeabi_d2ulz
</UL>
<BR>[Called By]<UL><LI><a href="#[2f4]">&gt;&gt;</a>&nbsp;&nbsp;&nbsp;_printf_core
</UL>

<P><STRONG><a name="[2f4]"></a>_printf_core</STRONG> (Thumb, 1704 bytes, Stack size 136 bytes, printfa.o(i._printf_core), UNUSED)
<BR><BR>[Calls]<UL><LI><a href="#[146]">&gt;&gt;</a>&nbsp;&nbsp;&nbsp;__aeabi_uldivmod
<LI><a href="#[30e]">&gt;&gt;</a>&nbsp;&nbsp;&nbsp;__aeabi_uidivmod
<LI><a href="#[30c]">&gt;&gt;</a>&nbsp;&nbsp;&nbsp;_printf_pre_padding
<LI><a href="#[30d]">&gt;&gt;</a>&nbsp;&nbsp;&nbsp;_printf_post_padding
<LI><a href="#[308]">&gt;&gt;</a>&nbsp;&nbsp;&nbsp;_fp_digits
</UL>
<BR>[Called By]<UL><LI><a href="#[2f7]">&gt;&gt;</a>&nbsp;&nbsp;&nbsp;__0vsnprintf
<LI><a href="#[2f6]">&gt;&gt;</a>&nbsp;&nbsp;&nbsp;__0sprintf
<LI><a href="#[2f5]">&gt;&gt;</a>&nbsp;&nbsp;&nbsp;__0snprintf
<LI><a href="#[2f3]">&gt;&gt;</a>&nbsp;&nbsp;&nbsp;__0printf
</UL>

<P><STRONG><a name="[30d]"></a>_printf_post_padding</STRONG> (Thumb, 36 bytes, Stack size 24 bytes, printfa.o(i._printf_post_padding), UNUSED)
<BR><BR>[Called By]<UL><LI><a href="#[2f4]">&gt;&gt;</a>&nbsp;&nbsp;&nbsp;_printf_core
</UL>

<P><STRONG><a name="[30c]"></a>_printf_pre_padding</STRONG> (Thumb, 46 bytes, Stack size 24 bytes, printfa.o(i._printf_pre_padding), UNUSED)
<BR><BR>[Called By]<UL><LI><a href="#[2f4]">&gt;&gt;</a>&nbsp;&nbsp;&nbsp;_printf_core
</UL>

<P><STRONG><a name="[5d]"></a>_snputc</STRONG> (Thumb, 22 bytes, Stack size 0 bytes, printfa.o(i._snputc))
<BR>[Address Reference Count : 2]<UL><LI> printfa.o(i.__0snprintf)
<LI> printfa.o(i.__0vsnprintf)
</UL>
<P><STRONG><a name="[5e]"></a>_sputc</STRONG> (Thumb, 10 bytes, Stack size 0 bytes, printfa.o(i._sputc))
<BR><BR>[Called By]<UL><LI><a href="#[2f6]">&gt;&gt;</a>&nbsp;&nbsp;&nbsp;__0sprintf
</UL>
<BR>[Address Reference Count : 1]<UL><LI> printfa.o(i.__0sprintf)
</UL><P>
<H3>
Undefined Global Symbols
</H3><HR></body></html>
